Script started on 2025-07-14 10:51:07+00:00 [TERM="screen" TTY="/dev/pts/1" COLUMNS="155" LINES="70"]
[?2004hroot@eltex-practice2-pg1-v19:~# [Kroot@eltex-practice2-pg1-v19:~# [Kroot@eltex-practice2-pg1-v19:~# git config --global user.name "имя_пользователя_GitHub"[Kroot@eltex-practice2-pg1-v19:~# git config --global user.name "имя_пользователя_GitHub"[Kroot@eltex-practice2-pg1-v19:~# git config --global user.name "имя_пользователя_GitHub"имя_пользователя_GitHub[K[K[K[K[K[K[K[K[K[K[K[K[K[K[K[K[K[K[K[K[K[K[K[K[K[K[K[K[K[K[K[K[K[K[K[K[K[K[K[K[K[K[K[K[K[K[KBalabolkin:[K"
[?2004l[?2004hroot@eltex-practice2-pg1-v19:~# [Kroot@eltex-practice2-pg1-v19:~# [Kroot@eltex-practice2-pg1-v19:~# git config --global user.email "email_на_GitHub"[Kroot@eltex-practice2-pg1-v19:~# git config --global user.email "email_на_GitHub"[Kroot@eltex-practice2-pg1-v19:~# git config --global user.email "email_на_GitHub"[K[K[K[K[K[K[K[K[K[K[K[K[K[K[K[Kemail_на_GitHub[K[K[K[K[K[K[K[K[K[K[K[K[K[K[K[Kroot@eltex-practice2-pg1-v19:~# git config --global user.email "[Kroot@eltex-practice2-pg1-v19:~# git config --global user.email "[Kroot@eltex-practice2-pg1-v19:~# git config --global user.email "[Kroot@eltex-practice2-pg1-v19:~# git config --global user.email "hohlov.andrej2014@yandex.ru"
[?2004l[?2004hroot@eltex-practice2-pg1-v19:~# [Kroot@eltex-practice2-pg1-v19:~# [Kroot@eltex-practice2-pg1-v19:~# git config --global init.defaultBranch main
[?2004l[?2004hroot@eltex-practice2-pg1-v19:~# [Kroot@eltex-practice2-pg1-v19:~# [Kroot@eltex-practice2-pg1-v19:~# apt install -y git gh[Kroot@eltex-practice2-pg1-v19:~# apt install -y git gh
[?2004lReading package lists... 0%Reading package lists... 100%Reading package lists... Done
Building dependency tree... 0%Building dependency tree... 0%Building dependency tree... 50%Building dependency tree... 50%Building dependency tree... Done
Reading state information... 0% Reading state information... 0%Reading state information... Done
git is already the newest version (1:2.43.0-1ubuntu7.3).
git set to manually installed.
The following NEW packages will be installed:
  gh
0 upgraded, 1 newly installed, 0 to remove and 58 not upgraded.
Need to get 8,826 kB of archives.
After this operation, 45.4 MB of additional disk space will be used.
[33m0% [Working][0m            Get:1 http://ru.archive.ubuntu.com/ubuntu noble-updates/universe amd64 gh amd64 2.45.0-1ubuntu0.2 [8,826 kB]
[33m0% [1 gh 6,918 B/8,826 kB 0%][0m[33m50% [1 gh 5,561 kB/8,826 kB 63%][0m[33m                                100% [Working][0m              Fetched 8,826 kB in 1s (9,277 kB/s)

7[0;70r8[1ASelecting previously unselected package gh.
(Reading database ... (Reading database ... 5%(Reading database ... 10%(Reading database ... 15%(Reading database ... 20%(Reading database ... 25%(Reading database ... 30%(Reading database ... 35%(Reading database ... 40%(Reading database ... 45%(Reading database ... 50%(Reading database ... 55%(Reading database ... 60%(Reading database ... 65%(Reading database ... 70%(Reading database ... 75%(Reading database ... 80%(Reading database ... 85%(Reading database ... 90%(Reading database ... 95%(Reading database ... 100%(Reading database ... 124882 files and directories currently installed.)
Preparing to unpack .../gh_2.45.0-1ubuntu0.2_amd64.deb ...
7[71;0f[42m[30mProgress: [  0%][49m[39m [.....................................................................................................................................] 87[71;0f[42m[30mProgress: [ 20%][49m[39m [##########################...........................................................................................................] 8Unpacking gh (2.45.0-1ubuntu0.2) ...
7[71;0f[42m[30mProgress: [ 40%][49m[39m [#####################################################................................................................................] 8Setting up gh (2.45.0-1ubuntu0.2) ...
7[71;0f[42m[30mProgress: [ 60%][49m[39m [###############################################################################......................................................] 87[71;0f[42m[30mProgress: [ 80%][49m[39m [##########################################################################################################...........................] 8Processing triggers for man-db (2.12.0-4build2) ...

7[0;71r8[1A[JScanning processes... [                                                                                                                                   ]Scanning processes... [=                                                                                                                                  ]Scanning processes... [==                                                                                                                                 ]Scanning processes... [===                                                                                                                                ]Scanning processes... [====                                                                                                                               ]Scanning processes... [=====                                                                                                                              ]Scanning processes... [======                                                                                                                             ]Scanning processes... [========                                                                                                                           ]Scanning processes... [=========                                                                                                                          ]Scanning processes... [==========                                                                                                                         ]Scanning processes... [===========                                                                                                                        ]Scanning processes... [============                                                                                                                       ]Scanning processes... [=============                                                                                                                      ]Scanning processes... [==============                                                                                                                     ]Scanning processes... [================                                                                                                                   ]Scanning processes... [=================                                                                                                                  ]Scanning processes... [==================                                                                                                                 ]Scanning processes... [===================                                                                                                                ]Scanning processes... [====================                                                                                                               ]Scanning processes... [=====================                                                                                                              ]Scanning processes... [======================                                                                                                             ]Scanning processes... [========================                                                                                                           ]Scanning processes... [=========================                                                                                                          ]Scanning processes... [==========================                                                                                                         ]Scanning processes... [===========================                                                                                                        ]Scanning processes... [============================                                                                                                       ]Scanning processes... [=============================                                                                                                      ]Scanning processes... [===============================                                                                                                    ]Scanning processes... [================================                                                                                                   ]Scanning processes... [=================================                                                                                                  ]Scanning processes... [==================================                                                                                                 ]Scanning processes... [===================================                                                                                                ]Scanning processes... [====================================                                                                                               ]Scanning processes... [=====================================                                                                                              ]Scanning processes... [=======================================                                                                                            ]Scanning processes... [========================================                                                                                           ]Scanning processes... [=========================================                                                                                          ]Scanning processes... [==========================================                                                                                         ]Scanning processes... [===========================================                                                                                        ]Scanning processes... [============================================                                                                                       ]Scanning processes... [=============================================                                                                                      ]Scanning processes... [===============================================                                                                                    ]Scanning processes... [================================================                                                                                   ]Scanning processes... [=================================================                                                                                  ]Scanning processes... [==================================================                                                                                 ]Scanning processes... [===================================================                                                                                ]Scanning processes... [====================================================                                                                               ]Scanning processes... [======================================================                                                                             ]Scanning processes... [=======================================================                                                                            ]Scanning processes... [========================================================                                                                           ]Scanning processes... [=========================================================                                                                          ]Scanning processes... [==========================================================                                                                         ]Scanning processes... [===========================================================                                                                        ]Scanning processes... [============================================================                                                                       ]Scanning processes... [==============================================================                                                                     ]Scanning processes... [===============================================================                                                                    ]Scanning processes... [================================================================                                                                   ]Scanning processes... [=================================================================                                                                  ]Scanning processes... [==================================================================                                                                 ]Scanning processes... [===================================================================                                                                ]Scanning processes... [====================================================================                                                               ]Scanning processes... [======================================================================                                                             ]Scanning processes... [=======================================================================                                                            ]Scanning processes... [========================================================================                                                           ]Scanning processes... [=========================================================================                                                          ]Scanning processes... [==========================================================================                                                         ]Scanning processes... [===========================================================================                                                        ]Scanning processes... [============================================================================                                                       ]Scanning processes... [==============================================================================                                                     ]Scanning processes... [===============================================================================                                                    ]Scanning processes... [================================================================================                                                   ]Scanning processes... [=================================================================================                                                  ]Scanning processes... [==================================================================================                                                 ]Scanning processes... [===================================================================================                                                ]Scanning processes... [=====================================================================================                                              ]Scanning processes... [======================================================================================                                             ]Scanning processes... [=======================================================================================                                            ]Scanning processes... [========================================================================================                                           ]Scanning processes... [=========================================================================================                                          ]Scanning processes... [==========================================================================================                                         ]Scanning processes... [===========================================================================================                                        ]Scanning processes... [=============================================================================================                                      ]Scanning processes... [==============================================================================================                                     ]Scanning processes... [===============================================================================================                                    ]Scanning processes... [================================================================================================                                   ]Scanning processes... [=================================================================================================                                  ]Scanning processes... [==================================================================================================                                 ]Scanning processes... [===================================================================================================                                ]Scanning processes... [=====================================================================================================                              ]Scanning processes... [======================================================================================================                             ]Scanning processes... [=======================================================================================================                            ]Scanning processes... [========================================================================================================                           ]Scanning processes... [=========================================================================================================                          ]Scanning processes... [==========================================================================================================                         ]Scanning processes... [============================================================================================================                       ]Scanning processes... [=============================================================================================================                      ]Scanning processes... [==============================================================================================================                     ]Scanning processes... [===============================================================================================================                    ]Scanning processes... [================================================================================================================                   ]Scanning processes... [=================================================================================================================                  ]Scanning processes... [==================================================================================================================                 ]Scanning processes... [====================================================================================================================               ]Scanning processes... [=====================================================================================================================              ]Scanning processes... [======================================================================================================================             ]Scanning processes... [=======================================================================================================================            ]Scanning processes... [========================================================================================================================           ]Scanning processes... [=========================================================================================================================          ]Scanning processes... [==========================================================================================================================         ]Scanning processes... [============================================================================================================================       ]Scanning processes... [=============================================================================================================================      ]Scanning processes... [==============================================================================================================================     ]Scanning processes... [===============================================================================================================================    ]Scanning processes... [================================================================================================================================   ]Scanning processes... [=================================================================================================================================  ]Scanning processes... [===================================================================================================================================]Scanning processes...                                                                                                                                      
Scanning candidates... [                                                                                                                                  ]Scanning candidates... [==========================                                                                                                        ]Scanning candidates... [====================================================                                                                              ]Scanning candidates... [==============================================================================                                                    ]Scanning candidates... [========================================================================================================                          ]Scanning candidates... [==================================================================================================================================]Scanning candidates...                                                                                                                                     
Scanning linux images... [                                                                                                                                ]Scanning linux images... [================================                                                                                                ]Scanning linux images... [================================================================                                                                ]Scanning linux images... [================================================================================================                                ]Scanning linux images... [================================================================================================================================]Scanning linux images...                                                                                                                                   

Pending kernel upgrade!
Running kernel version:
  6.8.0-55-generic
Diagnostics:
  The currently running kernel version is not the expected kernel version 6.8.0-63-generic.

Restarting the system to load the new kernel will not be handled automatically, so you should consider rebooting.

Restarting services...

Service restarts being deferred:
 /etc/needrestart/restart.d/dbus.service
 systemctl restart systemd-logind.service
 systemctl restart unattended-upgrades.service

No containers need to be restarted.

User sessions running outdated binaries:
 root @ session #27: screen[1976]
 root @ user manager service: systemd[1258]

No VM guests are running outdated hypervisor (qemu) binaries on this host.
[?2004hroot@eltex-practice2-pg1-v19:~# [Kroot@eltex-practice2-pg1-v19:~# ssh-keygen -t ed25519 -f ~/.ssh/${MYUSER}_key[Kroot@eltex-practice2-pg1-v19:~# ssh-keygen -t ed25519 -f ~/.ssh/${MYUSER}_key
[?2004lGenerating public/private ed25519 key pair.
Enter passphrase (empty for no passphrase): 
Enter same passphrase again: 
Your identification has been saved in /root/.ssh/eltex-pg1-v19_key
Your public key has been saved in /root/.ssh/eltex-pg1-v19_key.pub
The key fingerprint is:
SHA256:xyvFT+TCM52RpAlhSD+V/Cj2jQIot741xps4eNo9sbA root@eltex-practice2-pg1-v19
The key's randomart image is:
+--[ED25519 256]--+
|     ...+o...    |
|      .o oo+ .   |
|     .  o oo+    |
|  . o . o=.+.o   |
|   o . oSoXo=    |
|    o.. .ooB.    |
|   o o=o... .    |
|  ..E=o+ .       |
|  .o+o+.         |
+----[SHA256]-----+
[?2004hroot@eltex-practice2-pg1-v19:~# [Kroot@eltex-practice2-pg1-v19:~# gh auth login[Kroot@eltex-practice2-pg1-v19:~# gh auth login
[?2004l7[?25l8[0G[2K[0;1;92m? [0m[0;1;99mWhat account do you want to log into?[0m  [0;36m[Use arrows to move, type to filter][0m
[0;1;36m> GitHub.com[0m
[0;39m  GitHub Enterprise Server[0m
7[1A[0G[1A[0G8[?25h8[0G[2K[1A[0G[2K[1A[0G[2K[1A[0G[2K[0;1;92m? [0m[0;1;99mWhat account do you want to log into?[0m[0;36m GitHub.com[0m
7[?25l8[0G[2K[0;1;92m? [0m[0;1;99mWhat is your preferred protocol for Git operations on this host?[0m  [0;36m[Use arrows to move, type to filter][0m
[0;1;36m> HTTPS[0m
[0;39m  SSH[0m
7[1A[0G[1A[0G8[0G[2K[1A[0G[2K[1A[0G[2K[1A[0G[2K[0;1;92m? [0m[0;1;99mWhat is your preferred protocol for Git operations on this host?[0m  [0;36m[Use arrows to move, type to filter][0m
[0;39m  HTTPS[0m
[0;1;36m> SSH[0m
7[1A[0G8[?25h8[0G[2K[1A[0G[2K[1A[0G[2K[1A[0G[2K[0;1;92m? [0m[0;1;99mWhat is your preferred protocol for Git operations on this host?[0m[0;36m SSH[0m
7[?25l8[0G[2K[0;1;92m? [0m[0;1;99mUpload your SSH public key to your GitHub account?[0m  [0;36m[Use arrows to move, type to filter][0m
[0;1;36m> /root/.ssh/eltex-pg1-v19_key.pub[0m
[0;39m  Skip[0m
7[1A[0G[1A[0G8[?25h8[0G[2K[1A[0G[2K[1A[0G[2K[1A[0G[2K[0;1;92m? [0m[0;1;99mUpload your SSH public key to your GitHub account?[0m[0;36m /root/.ssh/eltex-pg1-v19_key.pub[0m
[0G[2K[0;1;92m? [0m[0;1;99mTitle for your SSH key: [0m[0;39m(GitHub CLI) [0m[?25l[?25l7[999;999f[6n8[?25h[6neltex-practice2-pgX-vY[1D[1D[1D[1D[1D[1D[1D[1D[1D[1D[1D[1D[1D[1D[1D[1D[1D[1D[1D[1D[1D[1D[1B[0G[1A[?25h[0G[2K[0;1;92m? [0m[0;1;99mTitle for your SSH key: [0m[0;36meltex-practice2-pgX-vY[0m
7[?25l8[0G[2K[0;1;92m? [0m[0;1;99mHow would you like to authenticate GitHub CLI?[0m  [0;36m[Use arrows to move, type to filter][0m
[0;1;36m> Login with a web browser[0m
[0;39m  Paste an authentication token[0m
7[1A[0G[1A[0G8[?25h8[0G[2K[1A[0G[2K[1A[0G[2K[1A[0G[2K[0;1;92m? [0m[0;1;99mHow would you like to authenticate GitHub CLI?[0m[0;36m Login with a web browser[0m

[0;33m![0m First copy your one-time code: [0;1;39m895E-B553[0m
[0;1;39mPress Enter[0m to open github.com in your browser... 
[0;31m![0m Failed opening a web browser at https://github.com/login/device
  exec: "xdg-open,x-www-browser,www-browser,wslview": executable file not found in $PATH
  Please try entering the URL in your browser manually
[0;32m✓[0m Authentication complete.
- gh config set -h github.com git_protocol ssh
[0;32m✓[0m Configured git protocol
[0;33m![0m Authentication credentials saved in plain text
[0;32m✓[0m Uploaded the SSH key to your GitHub account: [0;1;39m/root/.ssh/eltex-pg1-v19_key.pub[0m
[0;32m✓[0m Logged in as [0;1;39mBalabolkin[0m
[?2004hroot@eltex-practice2-pg1-v19:~# [Kroot@eltex-practice2-pg1-v19:~# [Kroot@eltex-practice2-pg1-v19:~# gh auth setup-git --hostname github.com
[?2004l[?2004hroot@eltex-practice2-pg1-v19:~# [Kroot@eltex-practice2-pg1-v19:~# [Kroot@eltex-practice2-pg1-v19:~# gh auth status
[?2004l[0;1;39mgithub.com[0m
  [0;32m✓[0m Logged in to github.com account [0;1;39mBalabolkin[0m (/root/.config/gh/hosts.yml)
  - Active account: [0;1;39mtrue[0m
  - Git operations protocol: [0;1;39mssh[0m
  - Token: [0;1;39mgho_************************************[0m
  - Token scopes: [0;1;39m'admin:public_key', 'gist', 'read:org', 'repo'[0m
[?2004hroot@eltex-practice2-pg1-v19:~# [Kroot@eltex-practice2-pg1-v19:~# gh repo create --public [Kroot@eltex-practice2-pg1-v19:~# gh repo create --public [Kroot@eltex-practice2-pg1-v19:~# gh repo create --public [Kroot@eltex-practice2-pg1-v19:~# gh repo create --public eltex_pa[Kractice1[K[K[K[K[K[K[K[K[Kmodule1
[?2004l[0;32m✓[0m Created repository Balabolkin/eltex_module1 on GitHub
  https://github.com/Balabolkin/eltex_module1
[?2004hroot@eltex-practice2-pg1-v19:~# [Kroot@eltex-practice2-pg1-v19:~# mkdir ~/название_репозитория && cd ~/название_репозитория[1P[1P[1P[1P[1P[1P[1P[1P[1P[1P[1P[1P[1P[1P[1P[1P[1P[1P[1P[1P[1@e[1@l[1@t[1@e[1@x[1@_[1@m[1@o[1@d[1@u[1@l[1@e[1@1[C[C[C[C[C[C[C[C[C[C[C[C[C[C[C[C[C[C[C[C[C[C[C[C[C[C[C[C[C[K[K[K[K[K[K[K[K[K[K[K[K[K[K[K[K[K[K[K[Keltex_module1
[?2004l[?2004hroot@eltex-practice2-pg1-v19:~/eltex_module1# [Kroot@eltex-practice2-pg1-v19:~/eltex_module1# [Kroot@eltex-practice2-pg1-v19:~/eltex_module1# echo "# краткое_описание_репозитория" >> README.md[Kroot@eltex-practice2-pg1-v19:~/eltex_module1# echo "# краткое_описание_репозитория" >> README.md[Kroot@eltex-practice2-pg1-v19:~/eltex_module1# echo "# краткое_описание_репозитория" >> README.md[1P[1P[1P[1P[1P[1P[1P[1P[1P[1P[1P[1P[1P[1P[1P[1P[1P[1P[1P[1P[1P[1P[1P[1P[1P[1P[1P[1P[1@e[1@l[1@t[1@e[1@x[1@ [1@m[1@o[1@d[1@e[1P[1@u[1@l[1@e[1@ [1@1[1@ [1@t[1@a[1@s[1@k[1@s
[?2004l[?2004hroot@eltex-practice2-pg1-v19:~/eltex_module1# [Kroot@eltex-practice2-pg1-v19:~/eltex_module1# [Kroot@eltex-practice2-pg1-v19:~/eltex_module1# git init[Kroot@eltex-practice2-pg1-v19:~/eltex_module1# git init
[?2004lInitialized empty Git repository in /root/eltex_module1/.git/
[?2004hroot@eltex-practice2-pg1-v19:~/eltex_module1# [Kroot@eltex-practice2-pg1-v19:~/eltex_module1# git add README.md
[?2004l[?2004hroot@eltex-practice2-pg1-v19:~/eltex_module1# [Kroot@eltex-practice2-pg1-v19:~/eltex_module1# [Kroot@eltex-practice2-pg1-v19:~/eltex_module1# git commit -m "first commit"
[?2004l[main (root-commit) 3cbef0f] first commit
 1 file changed, 1 insertion(+)
 create mode 100644 README.md
[?2004hroot@eltex-practice2-pg1-v19:~/eltex_module1# [Kroot@eltex-practice2-pg1-v19:~/eltex_module1# [Kroot@eltex-practice2-pg1-v19:~/eltex_module1# git branch -M main
[?2004l[?2004hroot@eltex-practice2-pg1-v19:~/eltex_module1# [Kroot@eltex-practice2-pg1-v19:~/eltex_module1# [Kroot@eltex-practice2-pg1-v19:~/eltex_module1# git remote add origin git@github.com:имя_пользователя_github/название_репозитория.git[C[C[C[C[C[C[1P/название_репозитория.git[1P/название_репозитория.git[1P/название_репозитория.git[1P/название_репозитория.git[1P/название_репозитория.git[1P/название_репозитория.git[1P/название_репозитория.git[1P/название_репозитория.git[1P/название_репозитория.git[1P/название_репозитория.git[1P/название_репозитория.git[1P/название_репозитория.git[1P/название_репозитория.git[1P/название_репозитория.git[1P/название_репозитория.git[1P/название_репозитория.git[1P/название_репозитория.git[1P/название_репозитория.git[1P/название_репозитория.git[1P/название_репозитория.git[1P/название_репозитория.git[1P/название_репозитория.git[1P/название_репозитория.git[1P/название_репозитория.git[1P/название_репозитория.git[1P/название_репозитория.git[1P/название_репозитория.git[1P/название_репозитория.git[1P/название_репозитория.git[1P/название_репозитория.git[1P/название_репозитория.git[1P/название_репозитория.git[1P/название_репозитория.git[1P/название_репозитория.gitB/название_репозитория.gita/название_репозитория.gitl/название_репозитория.gita/название_репозитория.gitb/название_репозитория.gito/название_репозитория.gitl/название_репозитория.gitk/название_репозитория.giti/название_репозитория.gitn/название_репозитория.git[Kroot@eltex-practice2-pg1-v19:~/eltex_module1# git remote add origin git@Balabolkin/название_репозитория.git[Kroot@eltex-practice2-pg1-v19:~/eltex_module1# git remote add origin git@Balabolkin/название_репозитория.git[C[1Pазвание_репозитория.git[1Pзвание_репозитория.git[1Pвание_репозитория.git[1Pание_репозитория.git[1Pние_репозитория.git[1Pие_репозитория.git[1Pе_репозитория.git[1P_репозитория.git[1Pрепозитория.git[1Pепозитория.git[1Pпозитория.git[1Pозитория.git[1Pзитория.git[1Pитория.git[1Pтория.git[1Pория.git[1Pрия.git[1Pия.git[1Pя.git[1P.gite.gitl.gitt.gite.gitx.git_.gitm.gito.gitd.gite.gitl.git[1P.git[1P.gitu.gitl.gite.git1.git
[?2004l[?2004hroot@eltex-practice2-pg1-v19:~/eltex_module1# [Kroot@eltex-practice2-pg1-v19:~/eltex_module1# [Kroot@eltex-practice2-pg1-v19:~/eltex_module1# git status
[?2004lOn branch main
nothing to commit, working tree clean
[?2004hroot@eltex-practice2-pg1-v19:~/eltex_module1# [Kroot@eltex-practice2-pg1-v19:~/eltex_module1# [Kroot@eltex-practice2-pg1-v19:~/eltex_module1# git push -u origin main[Kroot@eltex-practice2-pg1-v19:~/eltex_module1# git push -u origin main
[?2004lfatal: 'git@Balabolkin/eltex_module1.git' does not appear to be a git repository
fatal: Could not read from remote repository.

Please make sure you have the correct access rights
and the repository exists.
[?2004hroot@eltex-practice2-pg1-v19:~/eltex_module1# [Kroot@eltex-practice2-pg1-v19:~/eltex_module1# git remote add origin https://github.com/Balabolkin/eltex_module1.git[Kroot@eltex-practice2-pg1-v19:~/eltex_module1# git remote add origin https://github.com/Balabolkin/eltex_module1.git
[?2004lerror: remote origin already exists.
[?2004hroot@eltex-practice2-pg1-v19:~/eltex_module1# [Kroot@eltex-practice2-pg1-v19:~/eltex_module1# git push -u origin main
[?2004lfatal: 'git@Balabolkin/eltex_module1.git' does not appear to be a git repository
fatal: Could not read from remote repository.

Please make sure you have the correct access rights
and the repository exists.
[?2004hroot@eltex-practice2-pg1-v19:~/eltex_module1# [Kroot@eltex-practice2-pg1-v19:~/eltex_module1# [Kroot@eltex-practice2-pg1-v19:~/eltex_module1# git remote -v[Kroot@eltex-practice2-pg1-v19:~/eltex_module1# git remote -v
[?2004lorigin	git@Balabolkin/eltex_module1.git (fetch)
origin	git@Balabolkin/eltex_module1.git (push)
[?2004hroot@eltex-practice2-pg1-v19:~/eltex_module1# [Kroot@eltex-practice2-pg1-v19:~/eltex_module1# [Kroot@eltex-practice2-pg1-v19:~/eltex_module1# [Kroot@eltex-practice2-pg1-v19:~/eltex_module1# git remote -vpush -u origin main[Kroot@eltex-practice2-pg1-v19:~/eltex_module1# git push -u origin main
[?2004lfatal: 'git@Balabolkin/eltex_module1.git' does not appear to be a git repository
fatal: Could not read from remote repository.

Please make sure you have the correct access rights
and the repository exists.
[?2004hroot@eltex-practice2-pg1-v19:~/eltex_module1# git push -u origin main[10Premote -vpush -u origin mainremote add origin https://github.com/Balabolkin/eltex_module1.git[K[K[K[K
[?2004lerror: remote origin already exists.
[?2004hroot@eltex-practice2-pg1-v19:~/eltex_module1# git remote add origin https://github.com/Balabolkin/eltex_module1[C[C[C[C[C[C[C[C[C[C[C[C[C[C[C[C[C[C[C[C[C[C[C[C[C[C[C[C[C[C[C[C[C[C[C[C[C[C[C[C[C[C[C[C[C[C[C[C[C[Cpush -u origin main[K
[?2004lfatal: 'git@Balabolkin/eltex_module1.git' does not appear to be a git repository
fatal: Could not read from remote repository.

Please make sure you have the correct access rights
and the repository exists.
[?2004hroot@eltex-practice2-pg1-v19:~/eltex_module1# fatal: 'git@Balabolkin/eltex_module1.git' does not appear to be a git repository
[?2004lfatal:: command not found
[?2004hroot@eltex-practice2-pg1-v19:~/eltex_module1# fatal: Could not read from remote repository.
[?2004lfatal:: command not found
[?2004hroot@eltex-practice2-pg1-v19:~/eltex_module1# 
[?2004l[?2004hroot@eltex-practice2-pg1-v19:~/eltex_module1# Please make sure you have the correct access rights
[?2004lCommand 'Please' not found, did you mean:
  command 'please' from deb pleaser (0.5.4-1)
Try: apt install <deb name>
[?2004hroot@eltex-practice2-pg1-v19:~/eltex_module1# and the repository exists[K[K[K[K[K[K[K[K[K[K[K[K[K[K[K[K[K[K[K[K[K[K[K[K[K[Kroot@eltex-practice2-pg1-v19:~/eltex_module1# Please make sure you have the correct access rights[C[C[C[C[C[C[C[C[C[C[C[C[C[C[C[C[C[C[C[C[C[C[C[C[C[C[C[C[C[C[C[C[C[C[C[C[C[C[C[C[C[C[C[C[C[C[6Pfatal: Could not read from remote repository.'git@Balabolkin/eltex_module1.git' does not appear to be a git repository[C[C[C[C[C[C[C[C[C[C[C[C[C[C[C[C[C[C[C[C[C[C[C[C[C[C[C[C[C[C[C[C[C[C[C[C[C[C[C[C[C[C[C[C[C[Cgit push -u origin main[K
[?2004lfatal: 'git@Balabolkin/eltex_module1.git' does not appear to be a git repository
fatal: Could not read from remote repository.

Please make sure you have the correct access rights
and the repository exists.
[?2004hroot@eltex-practice2-pg1-v19:~/eltex_module1# [Kroot@eltex-practice2-pg1-v19:~/eltex_module1# [Kroot@eltex-practice2-pg1-v19:~/eltex_module1# [Kroot@eltex-practice2-pg1-v19:~/eltex_module1# [Kroot@eltex-practice2-pg1-v19:~/eltex_module1# [Kroot@eltex-practice2-pg1-v19:~/eltex_module1# [Kroot@eltex-practice2-pg1-v19:~/eltex_module1# git remote remove origin
[?2004l[?2004hroot@eltex-practice2-pg1-v19:~/eltex_module1# [Kroot@eltex-practice2-pg1-v19:~/eltex_module1# [Kroot@eltex-practice2-pg1-v19:~/eltex_module1# git remote add origin git@github.com:Balabolkin/eltex_module1.git
[?2004l[?2004hroot@eltex-practice2-pg1-v19:~/eltex_module1# [Kroot@eltex-practice2-pg1-v19:~/eltex_module1# [Kroot@eltex-practice2-pg1-v19:~/eltex_module1# git push -u origin main
[?2004lThe authenticity of host 'github.com (140.82.121.4)' can't be established.
ED25519 key fingerprint is SHA256:+DiY3wvvV6TuJJhbpZisF/zLDA0zPMSvHdkr4UvCOqU.
This key is not known by any other names.
Are you sure you want to continue connecting (yes/no/[fingerprint])? yes
Warning: Permanently added 'github.com' (ED25519) to the list of known hosts.
git@github.com: Permission denied (publickey).
fatal: Could not read from remote repository.

Please make sure you have the correct access rights
and the repository exists.
[?2004hroot@eltex-practice2-pg1-v19:~/eltex_module1# [Kroot@eltex-practice2-pg1-v19:~/eltex_module1# mkdir -p module1/task1
[?2004l[?2004hroot@eltex-practice2-pg1-v19:~/eltex_module1# [Kroot@eltex-practice2-pg1-v19:~/eltex_module1# [Kroot@eltex-practice2-pg1-v19:~/eltex_module1# mkdir module1/task2
[?2004l[?2004hroot@eltex-practice2-pg1-v19:~/eltex_module1# [Kroot@eltex-practice2-pg1-v19:~/eltex_module1# [Kroot@eltex-practice2-pg1-v19:~/eltex_module1# mkdir module1/task3
[?2004l[?2004hroot@eltex-practice2-pg1-v19:~/eltex_module1# [Kroot@eltex-practice2-pg1-v19:~/eltex_module1# [Kroot@eltex-practice2-pg1-v19:~/eltex_module1# git add
[?2004lNothing specified, nothing added.
[33mhint: Maybe you wanted to say 'git add .'?[m
[33mhint: Turn this message off by running[m
[33mhint: "git config advice.addEmptyPathspec false"[m
[?2004hroot@eltex-practice2-pg1-v19:~/eltex_module1# [Kroot@eltex-practice2-pg1-v19:~/eltex_module1# [Kroot@eltex-practice2-pg1-v19:~/eltex_module1# git add .
[?2004l[?2004hroot@eltex-practice2-pg1-v19:~/eltex_module1# [Kroot@eltex-practice2-pg1-v19:~/eltex_module1# [Kroot@eltex-practice2-pg1-v19:~/eltex_module1# git status
[?2004lOn branch main
nothing to commit, working tree clean
[?2004hroot@eltex-practice2-pg1-v19:~/eltex_module1# [Kroot@eltex-practice2-pg1-v19:~/eltex_module1# [Kroot@eltex-practice2-pg1-v19:~/eltex_module1# git commit -m "added practice1 reports"
[?2004lOn branch main
nothing to commit, working tree clean
[?2004hroot@eltex-practice2-pg1-v19:~/eltex_module1# [Kroot@eltex-practice2-pg1-v19:~/eltex_module1# [Kroot@eltex-practice2-pg1-v19:~/eltex_module1# git push
[?2004lfatal: The current branch main has no upstream branch.
To push the current branch and set the remote as upstream, use

    git push --set-upstream origin main

To have this happen automatically for branches without a tracking
upstream, see 'push.autoSetupRemote' in 'git help config'.

[?2004hroot@eltex-practice2-pg1-v19:~/eltex_module1# [Kroot@eltex-practice2-pg1-v19:~/eltex_module1# [Kroot@eltex-practice2-pg1-v19:~/eltex_module1# mkdir ~/название_репозитория_clone && cd ~/название_репозитория_clone[C[1P[1P[1P[1P[1P[1P[1P[1P[1P[1P[1P[1P[1P[1P[1P[1P[1P[1P[Kroot@eltex-practice2-pg1-v19:~/eltex_module1# mkdir ~/на_clone && cd ~/название_репозитория_clone[Kroot@eltex-practice2-pg1-v19:~/eltex_module1# mkdir ~/на_clone && cd ~/название_репозитория_clone[1P[1P[1P[1P[1P[1P[1P[1P[1P[1P[1P[C[1P[1P[1P[1P[1P ~/название_репозитория_clone[1P~/название_репозитория_clone[1P/название_репозитория_clone[1Pназвание_репозитория_clone[1Pазвание_репозитория_clone[1Pзвание_репозитория_clone[1Pвание_репозитория_clone[1Pание_репозитория_clone[1Pние_репозитория_clone[1Pие_репозитория_clone[1Pе_репозитория_clone[1P_репозитория_clone[1Pрепозитория_clone[1Pепозитория_clone[1Pпозитория_clone[1Pозитория_clone[1Pзитория_clone[1Pитория_clone[1Pтория_clone[1Pория_clone[1Pрия_clone[1Pия_clone[1Pя_clone[1P_clone[1Pclone[1Plone[1Pone[1Pne[1Pe[K[K[K[K[K[K[Kx_module1# mkdir ~/на_clone && cd ~/название_репозитория_clone[K[K[K[K[K[K[K[K[K[K[K[K[K[K[K[K[K[K[K[K[K[K[K[K[K[K[K[K[K[K[K[K[K[K[K[K[K[K[K[K[K[K[K[K[K[K[K[K[K[K[K[K[K[K[K[K[K[K[K[K[K[Kx_module1# mkdir ~/на_clone && cd ~/название_репозитория_clone[K[K[K[K[K[K[K[K[K[K[K[K[K[K[K[K[K[K[K[K[K[K[K[K[K[K[K[K[K[K[K[K[K[K[K[K[K[K[K[K[K[K[K[K[K[K[K[K[K[K[K[K[K[K[K[K[K[K[K[K[K[K[Kroot@eltex-practice2-pg1-v19:~/eltex_module1# [Kroot@eltex-practice2-pg1-v19:~/eltex_module1# mkdir ~/название_репозитория_clone && cd ~/название_репозитория_clone[1P_clone[1P_clone[1P_clone[1P_clone[1P_clone[1P_clone[1P_clone[1P_clone[1P_clone[1P_clone[1P_clone[1Pclone[1P_clone[1P_clone[1P_clone[1P_clone[1P_clone[1P_clone[1P_clone[1P_clonee_clonel_clonet_clonee_clonex_clone[C_clonem_cloneo_cloned_clonee_clonel_clone[1P_clone[1P_cloneu_clonel_clonee_clone1_clone[Kroot@eltex-practice2-pg1-v19:~/eltex_module1# mkdir ~/название_репозитория_clone && cd ~/eltex_module1_clone[C[1P[1P[1P[1P[1P[1P[1P[1P[1P[1P[1P[1P[1P[1P[1P[1P[1P[1P[1P[1P[1@e[1@l[1@t[1@e[1@x[C[1@_[1@m[1@o[1@d[1@u[1@l[1@e[1@1
[?2004l[?2004hroot@eltex-practice2-pg1-v19:~/eltex_module1_clone# [Kroot@eltex-practice2-pg1-v19:~/eltex_module1_clone# git clone [Kroot@eltex-practice2-pg1-v19:~/eltex_module1_clone# git clone [Kroot@eltex-practice2-pg1-v19:~/eltex_module1_clone# git clone https://github.com/Balabolkin/eltex_module1[Kroot@eltex-practice2-pg1-v19:~/eltex_module1_clone# git clone https://github.com/Balabolkin/eltex_module1.git
[?2004lCloning into 'eltex_module1'...
warning: You appear to have cloned an empty repository.
[?2004hroot@eltex-practice2-pg1-v19:~/eltex_module1_clone# [Kroot@eltex-practice2-pg1-v19:~/eltex_module1_clone# [Kroot@eltex-practice2-pg1-v19:~/eltex_module1_clone# [Kroot@eltex-practice2-pg1-v19:~/eltex_module1_clone# [Kroot@eltex-practice2-pg1-v19:~/eltex_module1_clone# [Kroot@eltex-practice2-pg1-v19:~/eltex_module1_clone# [Kroot@eltex-practice2-pg1-v19:~/eltex_module1_clone# exit
[?2004lexit

Script done on 2025-07-14 11:19:05+00:00 [COMMAND_EXIT_CODE="0"]
