Script started on 2025-07-14 10:46:36+00:00 [TERM="screen" TTY="/dev/pts/1" COLUMNS="155" LINES="71"]
[?2004hroot@eltex-practice2-pg1-v19:~# [Kroot@eltex-practice2-pg1-v19:~# start_time=$(journalctl -b -1 -n0 --show-cursor --no-pager | grep -oP '^-- Logs begin at \K[^;]+')[Kroot@eltex-practice2-pg1-v19:~# start_time=$(journalctl -b -1 -n0 --show-cursor --no-pager | grep -oP '^-- Logs begin at \K[^;]+')
[?2004l[?2004hroot@eltex-practice2-pg1-v19:~# [Kroot@eltex-practice2-pg1-v19:~# boot_time=$(journalctl -b -o short-unix --no-pager | head -n1 | awk '{print $1}')
[?2004l[?2004hroot@eltex-practice2-pg1-v19:~# [Kroot@eltex-practice2-pg1-v19:~# [Kroot@eltex-practice2-pg1-v19:~# end_time=$(echo "$boot_time + 20" | bc)[Kroot@eltex-practice2-pg1-v19:~# end_time=$(echo "$boot_time + 20" | bc)
[?2004l[?2004hroot@eltex-practice2-pg1-v19:~# [Kroot@eltex-practice2-pg1-v19:~# journalctl -b --since=@${boot_time} --until=@${end_time}[Kroot@eltex-practice2-pg1-v19:~# journalctl -b --since=@${boot_time} --until=@${end_time}
[?2004l[?1h=Jul 11 02:20:46 localhost kernel: [0;1;39m[0;1;31m[0;1;39mLinux version 6.8.0-55-generic (buildd@lcy02-amd64-095) (x86_64-linux-gnu-gcc-13 (Ubuntu 13.3.0-6ubuntu2~24.04) 13.3.0, [m[3m>[23m
Jul 11 02:20:46 localhost kernel: Command line: BOOT_IMAGE=/vmlinuz-6.8.0-55-generic root=/dev/mapper/ubuntu--vg-ubuntu--lv ro[m
Jul 11 02:20:46 localhost kernel: KERNEL supported cpus:[m
Jul 11 02:20:46 localhost kernel:   Intel GenuineIntel[m
Jul 11 02:20:46 localhost kernel:   AMD AuthenticAMD[m
Jul 11 02:20:46 localhost kernel:   Hygon HygonGenuine[m
Jul 11 02:20:46 localhost kernel:   Centaur CentaurHauls[m
Jul 11 02:20:46 localhost kernel:   zhaoxin   Shanghai  [m
Jul 11 02:20:46 localhost kernel: BIOS-provided physical RAM map:[m
Jul 11 02:20:46 localhost kernel: BIOS-e820: [mem 0x0000000000000000-0x000000000009fbff] usable[m
Jul 11 02:20:46 localhost kernel: BIOS-e820: [mem 0x000000000009fc00-0x000000000009ffff] reserved[m
Jul 11 02:20:46 localhost kernel: BIOS-e820: [mem 0x00000000000f0000-0x00000000000fffff] reserved[m
Jul 11 02:20:46 localhost kernel: BIOS-e820: [mem 0x0000000000100000-0x00000000bffd9fff] usable[m
Jul 11 02:20:46 localhost kernel: BIOS-e820: [mem 0x00000000bffda000-0x00000000bfffffff] reserved[m
Jul 11 02:20:46 localhost kernel: BIOS-e820: [mem 0x00000000feffc000-0x00000000feffffff] reserved[m
Jul 11 02:20:46 localhost kernel: BIOS-e820: [mem 0x00000000fffc0000-0x00000000ffffffff] reserved[m
Jul 11 02:20:46 localhost kernel: BIOS-e820: [mem 0x0000000100000000-0x000000013fffffff] usable[m
Jul 11 02:20:46 localhost kernel: BIOS-e820: [mem 0x000000fd00000000-0x000000ffffffffff] reserved[m
Jul 11 02:20:46 localhost kernel: NX (Execute Disable) protection: active[m
Jul 11 02:20:46 localhost kernel: APIC: Static calls initialized[m
Jul 11 02:20:46 localhost kernel: SMBIOS 2.8 present.[m
Jul 11 02:20:46 localhost kernel: DMI: QEMU Standard PC (i440FX + PIIX, 1996), BIOS rel-1.16.3-0-ga6ed6b701f0a-prebuilt.qemu.org 04/01/2014[m
Jul 11 02:20:46 localhost kernel: Hypervisor detected: KVM[m
Jul 11 02:20:46 localhost kernel: kvm-clock: Using msrs 4b564d01 and 4b564d00[m
Jul 11 02:20:46 localhost kernel: kvm-clock: using sched offset of 7968412928689 cycles[m
Jul 11 02:20:46 localhost kernel: clocksource: kvm-clock: mask: 0xffffffffffffffff max_cycles: 0x1cd42e4dffb, max_idle_ns: 881590591483 ns[m
Jul 11 02:20:46 localhost kernel: tsc: Detected 3399.998 MHz processor[m
Jul 11 02:20:46 localhost kernel: [0;38;5;245m[0;1;31m[0;38;5;245me820: update [mem 0x00000000-0x00000fff] usable ==> reserved[0m[m
Jul 11 02:20:46 localhost kernel: [0;38;5;245m[0;1;31m[0;38;5;245me820: remove [mem 0x000a0000-0x000fffff] usable[0m[m
Jul 11 02:20:46 localhost kernel: AGP: No AGP bridge found[m
Jul 11 02:20:46 localhost kernel: last_pfn = 0x140000 max_arch_pfn = 0x400000000[m
Jul 11 02:20:46 localhost kernel: MTRR map: 4 entries (3 fixed + 1 variable; max 19), built from 8 variable MTRRs[m
Jul 11 02:20:46 localhost kernel: x86/PAT: Configuration [0-7]: WB  WC  UC- UC  WB  WP  UC- WT  [m
Jul 11 02:20:46 localhost kernel: last_pfn = 0xbffda max_arch_pfn = 0x400000000[m
Jul 11 02:20:46 localhost kernel: found SMP MP-table at [mem 0x000f5450-0x000f545f][m
Jul 11 02:20:46 localhost kernel: RAMDISK: [mem 0x2fccd000-0x33e5dfff][m
Jul 11 02:20:46 localhost kernel: ACPI: Early table checksum verification disabled[m
Jul 11 02:20:46 localhost kernel: ACPI: RSDP 0x00000000000F5250 000014 (v00 BOCHS )[m
Jul 11 02:20:46 localhost kernel: ACPI: RSDT 0x00000000BFFE3BE2 000038 (v01 BOCHS  BXPC     00000001 BXPC 00000001)[m
Jul 11 02:20:46 localhost kernel: ACPI: FACP 0x00000000BFFE39C4 000074 (v01 BOCHS  BXPC     00000001 BXPC 00000001)[m
Jul 11 02:20:46 localhost kernel: ACPI: DSDT 0x00000000BFFDF040 004984 (v01 BOCHS  BXPC     00000001 BXPC 00000001)[m
Jul 11 02:20:46 localhost kernel: ACPI: FACS 0x00000000BFFDF000 000040[m
Jul 11 02:20:46 localhost kernel: ACPI: APIC 0x00000000BFFE3A38 000080 (v03 BOCHS  BXPC     00000001 BXPC 00000001)[m
Jul 11 02:20:46 localhost kernel: ACPI: SSDT 0x00000000BFFE3AB8 0000CA (v01 BOCHS  VMGENID  00000001 BXPC 00000001)[m
Jul 11 02:20:46 localhost kernel: ACPI: HPET 0x00000000BFFE3B82 000038 (v01 BOCHS  BXPC     00000001 BXPC 00000001)[m
Jul 11 02:20:46 localhost kernel: ACPI: WAET 0x00000000BFFE3BBA 000028 (v01 BOCHS  BXPC     00000001 BXPC 00000001)[m
Jul 11 02:20:46 localhost kernel: ACPI: Reserving FACP table memory at [mem 0xbffe39c4-0xbffe3a37][m
Jul 11 02:20:46 localhost kernel: ACPI: Reserving DSDT table memory at [mem 0xbffdf040-0xbffe39c3][m
Jul 11 02:20:46 localhost kernel: ACPI: Reserving FACS table memory at [mem 0xbffdf000-0xbffdf03f][m
Jul 11 02:20:46 localhost kernel: ACPI: Reserving APIC table memory at [mem 0xbffe3a38-0xbffe3ab7][m
Jul 11 02:20:46 localhost kernel: ACPI: Reserving SSDT table memory at [mem 0xbffe3ab8-0xbffe3b81][m
Jul 11 02:20:46 localhost kernel: ACPI: Reserving HPET table memory at [mem 0xbffe3b82-0xbffe3bb9][m
Jul 11 02:20:46 localhost kernel: ACPI: Reserving WAET table memory at [mem 0xbffe3bba-0xbffe3be1][m
Jul 11 02:20:46 localhost kernel: No NUMA configuration found[m
Jul 11 02:20:46 localhost kernel: Faking a node at [mem 0x0000000000000000-0x000000013fffffff][m
Jul 11 02:20:46 localhost kernel: NODE_DATA(0) allocated [mem 0x13ffd2000-0x13fffcfff][m
Jul 11 02:20:46 localhost kernel: Zone ranges:[m
Jul 11 02:20:46 localhost kernel:   DMA      [mem 0x0000000000001000-0x0000000000ffffff][m
Jul 11 02:20:46 localhost kernel:   DMA32    [mem 0x0000000001000000-0x00000000ffffffff][m
Jul 11 02:20:46 localhost kernel:   Normal   [mem 0x0000000100000000-0x000000013fffffff][m
Jul 11 02:20:46 localhost kernel:   Device   empty[m
Jul 11 02:20:46 localhost kernel: Movable zone start for each node[m
Jul 11 02:20:46 localhost kernel: Early memory node ranges[m
Jul 11 02:20:46 localhost kernel:   node   0: [mem 0x0000000000001000-0x000000000009efff][m
Jul 11 02:20:46 localhost kernel:   node   0: [mem 0x0000000000100000-0x00000000bffd9fff][m
Jul 11 02:20:46 localhost kernel:   node   0: [mem 0x0000000100000000-0x000000013fffffff][m
Jul 11 02:20:46 localhost kernel: Initmem setup node 0 [mem 0x0000000000001000-0x000000013fffffff][m
Jul 11 02:20:46 localhost kernel: On node 0, zone DMA: 1 pages in unavailable ranges[m
Jul 11 02:20:46 localhost kernel: On node 0, zone DMA: 97 pages in unavailable ranges[m
Jul 11 02:20:46 localhost kernel: On node 0, zone Normal: 38 pages in unavailable ranges[m
[3mlines 1-70[23m[K[K [KESCESC[KOO[KBB[KJul 11 02:20:46 localhost kernel: ACPI: PM-Timer IO Port: 0x608[m
[3mlines 2-71[23m[K[K [KESCESC[KOO[KBB[KJul 11 02:20:46 localhost kernel: ACPI: LAPIC_NMI (acpi_id[0xff] dfl dfl lint[0x1])[m
[3mlines 3-72[23m[K[K [KESCESC[KOO[KBB[KJul 11 02:20:46 localhost kernel: IOAPIC[0]: apic_id 0, version 17, address 0xfec00000, GSI 0-23[m
[3mlines 4-73[23m[K[K [KESCESC[KOO[KBB[KJul 11 02:20:46 localhost kernel: ACPI: INT_SRC_OVR (bus 0 bus_irq 0 global_irq 2 dfl dfl)[m
[3mlines 5-74[23m[K[K [KESCESC[KOO[KBB[KJul 11 02:20:46 localhost kernel: ACPI: INT_SRC_OVR (bus 0 bus_irq 5 global_irq 5 high level)[m
[3mlines 6-75[23m[K[K [KESCESC[KOO[KBB[KJul 11 02:20:46 localhost kernel: ACPI: INT_SRC_OVR (bus 0 bus_irq 9 global_irq 9 high level)[m
[3mlines 7-76[23m[K[K [KESCESC[KOO[KBB[KJul 11 02:20:46 localhost kernel: ACPI: INT_SRC_OVR (bus 0 bus_irq 10 global_irq 10 high level)[m
[3mlines 8-77[23m[K[K [KESCESC[KOO[KBB[KJul 11 02:20:46 localhost kernel: ACPI: INT_SRC_OVR (bus 0 bus_irq 11 global_irq 11 high level)[m
[3mlines 9-78[23m[K[K [KESCESC[KOO[KBB[KJul 11 02:20:46 localhost kernel: ACPI: Using ACPI (MADT) for SMP configuration information[m
[3mlines 10-79[23m[K[K [KESCESC[KOO[KBB[KJul 11 02:20:46 localhost kernel: ACPI: HPET id: 0x8086a201 base: 0xfed00000[m
[3mlines 11-80[23m[K[K [KESCESC[KOO[KBB[KJul 11 02:20:46 localhost kernel: smpboot: Allowing 2 CPUs, 0 hotplug CPUs[m
[3mlines 12-81[23m[K[K [KESCESC[KOO[KBB[KJul 11 02:20:46 localhost kernel: kvm-guest: APIC: eoi() replaced with kvm_guest_apic_eoi_write()[m
[3mlines 13-82[23m[K[K [KESCESC[KOO[KBB[KJul 11 02:20:46 localhost kernel: PM: hibernation: Registered nosave memory: [mem 0x00000000-0x00000fff][m
[3mlines 14-83[23m[K[K [KESCESC[KOO[KBB[KJul 11 02:20:46 localhost kernel: PM: hibernation: Registered nosave memory: [mem 0x0009f000-0x0009ffff][m
[3mlines 15-84[23m[K[K [KESCESC[KOO[KBB[KJul 11 02:20:46 localhost kernel: PM: hibernation: Registered nosave memory: [mem 0x000a0000-0x000effff][m
[3mlines 16-85[23m[K[K [KESCESC[KOO[KBB[KJul 11 02:20:46 localhost kernel: PM: hibernation: Registered nosave memory: [mem 0x000f0000-0x000fffff][m
[3mlines 17-86[23m[K[K [KESCESC[KOO[KBB[KJul 11 02:20:46 localhost kernel: PM: hibernation: Registered nosave memory: [mem 0xbffda000-0xbfffffff][m
[3mlines 18-87[23m[K[K [KESCESC[KOO[KBB[KJul 11 02:20:46 localhost kernel: PM: hibernation: Registered nosave memory: [mem 0xc0000000-0xfeffbfff][m
[3mlines 19-88[23m[K[K [KESCESC[KOO[KBB[KJul 11 02:20:46 localhost kernel: PM: hibernation: Registered nosave memory: [mem 0xfeffc000-0xfeffffff][m
[3mlines 20-89[23m[K[K [KESCESC[KOO[KBB[KJul 11 02:20:46 localhost kernel: PM: hibernation: Registered nosave memory: [mem 0xff000000-0xfffbffff][m
[3mlines 21-90[23m[K[K [KESCESC[KOO[KBB[KJul 11 02:20:46 localhost kernel: PM: hibernation: Registered nosave memory: [mem 0xfffc0000-0xffffffff][m
[3mlines 22-91[23m[K[K [KESCESC[KOO[KBB[KJul 11 02:20:46 localhost kernel: [mem 0xc0000000-0xfeffbfff] available for PCI devices[m
[3mlines 23-92[23m[K[K [KESCESC[KOO[KBB[KJul 11 02:20:46 localhost kernel: Booting paravirtualized kernel on KVM[m
[3mlines 24-93[23m[K[K [KESCESC[KOO[KBB[KJul 11 02:20:46 localhost kernel: clocksource: refined-jiffies: mask: 0xffffffff max_cycles: 0xffffffff, max_idle_ns: 1910969940391419 ns[m
[3mlines 25-94[23m[K[K [KESCESC[KOO[KBB[KJul 11 02:20:46 localhost kernel: setup_percpu: NR_CPUS:8192 nr_cpumask_bits:2 nr_cpu_ids:2 nr_node_ids:1[m
[3mlines 26-95[23m[K[K [KESCESC[KOO[KBB[KJul 11 02:20:46 localhost kernel: percpu: Embedded 86 pages/cpu s229376 r8192 d114688 u1048576[m
[3mlines 27-96[23m[K[K [KESCESC[KOO[KBB[KJul 11 02:20:46 localhost kernel: [0;38;5;245m[0;1;31m[0;38;5;245mpcpu-alloc: s229376 r8192 d114688 u1048576 alloc=1*2097152[0m[m
[3mlines 28-97[23m[K[K [KESCESC[KOO[KBB[KJul 11 02:20:46 localhost kernel: [0;38;5;245m[0;1;31m[0;38;5;245mpcpu-alloc: [0] 0 1 [0m[m
[3mlines 29-98[23m[K[K [KESCESC[KOO[KBB[KJul 11 02:20:46 localhost kernel: kvm-guest: PV spinlocks enabled[m
[3mlines 30-99[23m[K[K [KESCESC[KOO[KBB[KJul 11 02:20:46 localhost kernel: PV qspinlock hash table entries: 256 (order: 0, 4096 bytes, linear)[m
[3mlines 31-100[23m[K[K [KESCESC[KOO[KBB[KJul 11 02:20:46 localhost kernel: [0;1;39m[0;1;31m[0;1;39mKernel command line: BOOT_IMAGE=/vmlinuz-6.8.0-55-generic root=/dev/mapper/ubuntu--vg-ubuntu--lv ro[0m[m
[3mlines 32-101[23m[K[K [KESCESC[KOO[KBB[KJul 11 02:20:46 localhost kernel: [0;1;39m[0;1;31m[0;1;39mUnknown kernel command line parameters "BOOT_IMAGE=/vmlinuz-6.8.0-55-generic", will be passed to user space.[0m[m
[3mlines 33-102[23m[K[K [KESCESC[KOO[KBB[KJul 11 02:20:46 localhost kernel: Dentry cache hash table entries: 524288 (order: 10, 4194304 bytes, linear)[m
[3mlines 34-103[23m[K[K [KESCESC[KOO[KBB[KJul 11 02:20:46 localhost kernel: Inode-cache hash table entries: 262144 (order: 9, 2097152 bytes, linear)[m
[3mlines 35-104[23m[K[K [KESCESC[KOO[KBB[KJul 11 02:20:46 localhost kernel: Fallback order for Node 0: 0 [m
[3mlines 36-105[23m[K[K [KESCESC[KOO[KBB[KJul 11 02:20:46 localhost kernel: Built 1 zonelists, mobility grouping on.  Total pages: 1031898[m
[3mlines 37-106[23m[K[K [KESCESC[KOO[KBB[KJul 11 02:20:46 localhost kernel: Policy zone: Normal[m
[3mlines 38-107[23m[K[K [KESCESC[KOO[KBB[KJul 11 02:20:46 localhost kernel: mem auto-init: stack:all(zero), heap alloc:on, heap free:off[m
[3mlines 39-108[23m[K[K [KESCESC[KOO[KBB[KJul 11 02:20:46 localhost kernel: AGP: Checking aperture...[m
[3mlines 40-109[23m[K[K [KESCESC[KOO[KBB[KJul 11 02:20:46 localhost kernel: AGP: No AGP bridge found[m
[3mlines 41-110[23m[K[K [KESCESC[KOO[KBB[KJul 11 02:20:46 localhost kernel: software IO TLB: area num 2.[m
[3mlines 42-111[23m[K[K [KESCESC[KOO[KBB[KJul 11 02:20:46 localhost kernel: Memory: 3933488K/4193760K available (22528K kernel code, 4443K rwdata, 14344K rodata, 4988K init, 4716K bss, 260012K res[m[3m>[23m
[3mlines 43-112[23m[K[K [KESCESC[KOO[KBB[KJul 11 02:20:46 localhost kernel: SLUB: HWalign=64, Order=0-3, MinObjects=0, CPUs=2, Nodes=1[m
[3mlines 44-113[23m[K[K [KESCESC[KOO[KBB[KJul 11 02:20:46 localhost kernel: ftrace: allocating 58006 entries in 227 pages[m
[3mlines 45-114[23m[K[K [KESCESC[KOO[KBB[KJul 11 02:20:46 localhost kernel: ftrace: allocated 227 pages with 5 groups[m
[3mlines 46-115[23m[K[K [KESCESC[KOO[KBB[KJul 11 02:20:46 localhost kernel: Dynamic Preempt: voluntary[m
[3mlines 47-116[23m[K[K [KESCESC[KOO[KBB[KJul 11 02:20:46 localhost kernel: rcu: Preemptible hierarchical RCU implementation.[m
[3mlines 48-117[23m[K[K [KESCESC[KOO[KBB[KJul 11 02:20:46 localhost kernel: rcu:         RCU restricting CPUs from NR_CPUS=8192 to nr_cpu_ids=2.[m
[3mlines 49-118[23m[K[K [KESCESC[KOO[KBB[KJul 11 02:20:46 localhost kernel:         Trampoline variant of Tasks RCU enabled.[m
[3mlines 50-119[23m[K[K [KESCESC[KOO[KBB[KJul 11 02:20:46 localhost kernel:         Rude variant of Tasks RCU enabled.[m
[3mlines 51-120[23m[K[K [KESCESC[KOO[KBB[KJul 11 02:20:46 localhost kernel:         Tracing variant of Tasks RCU enabled.[m
[3mlines 52-121[23m[K[K [KESCESC[KOO[KBB[KJul 11 02:20:46 localhost kernel: rcu: RCU calculated value of scheduler-enlistment delay is 100 jiffies.[m
[3mlines 53-122[23m[K[K [KESCESC[KOO[KBB[KJul 11 02:20:46 localhost kernel: rcu: Adjusting geometry for rcu_fanout_leaf=16, nr_cpu_ids=2[m
[3mlines 54-123[23m[K[K [KESCESC[KOO[KBB[KJul 11 02:20:46 localhost kernel: NR_IRQS: 524544, nr_irqs: 440, preallocated irqs: 16[m
[3mlines 55-124[23m[K[K [KESCESC[KOO[KBB[KJul 11 02:20:46 localhost kernel: rcu: srcu_init: Setting srcu_struct sizes based on contention.[m
[3mlines 56-125[23m[K[K [KESCESC[KOO[KBB[KJul 11 02:20:46 localhost kernel: Console: colour dummy device 80x25[m
[3mlines 57-126[23m[K[K [KESCESC[KOO[KBB[KJul 11 02:20:46 localhost kernel: printk: legacy console [tty0] enabled[m
[3mlines 58-127[23m[K[K [KESCESC[KOO[KBB[KJul 11 02:20:46 localhost kernel: ACPI: Core revision 20230628[m
[3mlines 59-128[23m[K[K [KESCESC[KOO[KBB[KJul 11 02:20:46 localhost kernel: clocksource: hpet: mask: 0xffffffff max_cycles: 0xffffffff, max_idle_ns: 19112604467 ns[m
[3mlines 60-129[23m[K[K [KESCESC[KOO[KBB[KJul 11 02:20:46 localhost kernel: APIC: Switch to symmetric I/O mode setup[m
[3mlines 61-130[23m[K[K [KESCESC[KOO[KBB[KJul 11 02:20:46 localhost kernel: x2apic enabled[m
[3mlines 62-131[23m[K[K [KESCESC[KOO[KBB[KJul 11 02:20:46 localhost kernel: APIC: Switched APIC routing to: physical x2apic[m
[3mlines 63-132[23m[K[K [KESCESC[KOO[KBB[KJul 11 02:20:46 localhost kernel: ..TIMER: vector=0x30 apic1=0 pin1=2 apic2=-1 pin2=-1[m
[3mlines 64-133[23m[K[K [KESCESC[KOO[KBB[KJul 11 02:20:46 localhost kernel: tsc: Marking TSC unstable due to TSCs unsynchronized[m
[3mlines 65-134[23m[K[K [KESCESC[KOO[KBB[KJul 11 02:20:46 localhost kernel: Calibrating delay loop (skipped) preset value.. 6799.99 BogoMIPS (lpj=3399998)[m
[3mlines 66-135[23m[K[K [KESCESC[KOO[KBB[KJul 11 02:20:46 localhost kernel: process: using AMD E400 aware idle routine[m
[3mlines 67-136[23m[K[K [KESCESC[KOO[KBB[KJul 11 02:20:46 localhost kernel: Last level iTLB entries: 4KB 512, 2MB 255, 4MB 127[m
[3mlines 68-137[23m[K[K [KESCESC[KOO[KBB[KJul 11 02:20:46 localhost kernel: Last level dTLB entries: 4KB 512, 2MB 255, 4MB 127, 1GB 0[m
[3mlines 69-138[23m[K[K [KESCESC[KOO[KBB[KJul 11 02:20:46 localhost kernel: Spectre V1 : Mitigation: usercopy/swapgs barriers and __user pointer sanitization[m
[3mlines 70-139[23m[K[K [KESCESC[KOO[KBB[KJul 11 02:20:46 localhost kernel: Spectre V2 : Mitigation: Retpolines[m
[3mlines 71-140[23m[K[K [KESCESC[KOO[KBB[KJul 11 02:20:46 localhost kernel: Spectre V2 : Spectre v2 / SpectreRSB mitigation: Filling RSB on context switch[m
[3mlines 72-141[23m[K[K [KESCESC[KOO[KBB[KJul 11 02:20:46 localhost kernel: Spectre V2 : Spectre v2 / SpectreRSB : Filling RSB on VMEXIT[m
[3mlines 73-142[23m[K[K [KESCESC[KOO[KBB[KJul 11 02:20:46 localhost kernel: x86/fpu: x87 FPU will use FXSAVE[m
[3mlines 74-143[23m[K[K [KESCESC[KOO[KBB[KJul 11 02:20:46 localhost kernel: Freeing SMP alternatives memory: 48K[m
[3mlines 75-144[23m[K[K [KESCESC[KOO[KBB[KJul 11 02:20:46 localhost kernel: pid_max: default: 32768 minimum: 301[m
[3mlines 76-145[23m[K[K [KESCESC[KOO[KBB[KJul 11 02:20:46 localhost kernel: LSM: initializing lsm=lockdown,capability,landlock,yama,apparmor,integrity[m
[3mlines 77-146[23m[K[K [KESCESC[KOO[KBB[KJul 11 02:20:46 localhost kernel: landlock: Up and running.[m
[3mlines 78-147[23m[K[K [KESCESC[KOO[KBB[KJul 11 02:20:46 localhost kernel: Yama: becoming mindful.[m
[3mlines 79-148[23m[K[K [KESCESC[KOO[KBB[KJul 11 02:20:46 localhost kernel: AppArmor: AppArmor initialized[m
[3mlines 80-149[23m[K[K [KESCESC[KOO[KBB[KJul 11 02:20:46 localhost kernel: Mount-cache hash table entries: 8192 (order: 4, 65536 bytes, linear)[m
[3mlines 81-150[23m[K[K [KESCESC[KOO[KBB[KJul 11 02:20:46 localhost kernel: Mountpoint-cache hash table entries: 8192 (order: 4, 65536 bytes, linear)[m
[3mlines 82-151[23m[K[K [KESCESC[KOO[KBB[KJul 11 02:20:46 localhost kernel: smpboot: CPU0: AMD QEMU Virtual CPU version 2.5+ (family: 0xf, model: 0x6b, stepping: 0x1)[m
[3mlines 83-152[23m[K[K [KESCESC[KOO[KBB[KJul 11 02:20:46 localhost kernel: RCU Tasks: Setting shift to 1 and lim to 1 rcu_task_cb_adjust=1 rcu_task_cpu_ids=2.[m
[3mlines 84-153[23m[K[K [KESCESC[KOO[KBB[KJul 11 02:20:46 localhost kernel: RCU Tasks Rude: Setting shift to 1 and lim to 1 rcu_task_cb_adjust=1 rcu_task_cpu_ids=2.[m
[3mlines 85-154[23m[K[K [KESCESC[KOO[KBB[KJul 11 02:20:46 localhost kernel: RCU Tasks Trace: Setting shift to 1 and lim to 1 rcu_task_cb_adjust=1 rcu_task_cpu_ids=2.[m
[3mlines 86-155[23m[K[K [KESCESC[KOO[KBB[KJul 11 02:20:46 localhost kernel: Performance Events: AMD PMU driver.[m
[3mlines 87-156[23m[K[K [KESCESC[KOO[KBB[KJul 11 02:20:46 localhost kernel: ... version:                0[m
[3mlines 88-157[23m[K[K [KESCESC[KOO[KBB[KJul 11 02:20:46 localhost kernel: ... bit width:              48[m
[3mlines 89-158[23m[K[K [KESCESC[KOO[KBB[KJul 11 02:20:46 localhost kernel: ... generic registers:      4[m
[3mlines 90-159[23m[K[K [KESCESC[KOO[KBB[KJul 11 02:20:46 localhost kernel: ... value mask:             0000ffffffffffff[m
[3mlines 91-160[23m[K[K [KESCESC[KOO[KBB[KJul 11 02:20:46 localhost kernel: ... max period:             00007fffffffffff[m
[3mlines 92-161[23m[K[K [KESCESC[KOO[KBB[KJul 11 02:20:46 localhost kernel: ... fixed-purpose events:   0[m
[3mlines 93-162[23m[K[K [KESCESC[KOO[KBB[KJul 11 02:20:46 localhost kernel: ... event mask:             000000000000000f[m
[3mlines 94-163[23m[K[K [KESCESC[KOO[KBB[KJul 11 02:20:46 localhost kernel: signal: max sigframe size: 1440[m
[3mlines 95-164[23m[K[K [KESCESC[KOO[KBB[KJul 11 02:20:46 localhost kernel: rcu: Hierarchical SRCU implementation.[m
[3mlines 96-165[23m[K[K [KESCESC[KOO[KBB[KJul 11 02:20:46 localhost kernel: rcu:         Max phase no-delay instances is 400.[m
[3mlines 97-166[23m[K[K [KESCESC[KOO[KBB[KJul 11 02:20:46 localhost kernel: smp: Bringing up secondary CPUs ...[m
[3mlines 98-167[23m[K[K [KESCESC[KOO[KBB[KJul 11 02:20:46 localhost kernel: smpboot: x86: Booting SMP configuration:[m
[3mlines 99-168[23m[K[K [KESCESC[KOO[KBB[KJul 11 02:20:46 localhost kernel: .... node  #0, CPUs:      #1[m
[3mlines 100-169[23m[K[K [KESCESC[KOO[KBB[KJul 11 02:20:46 localhost kernel: smp: Brought up 1 node, 2 CPUs[m
[3mlines 101-170[23m[K[K [KESCESC[KOO[KBB[KJul 11 02:20:46 localhost kernel: smpboot: Max logical packages: 1[m
[3mlines 102-171[23m[K[K [KESCESC[KOO[KBB[KJul 11 02:20:46 localhost kernel: smpboot: Total of 2 processors activated (13599.99 BogoMIPS)[m
[3mlines 103-172[23m[K[K [KESCESC[KOO[KBB[KJul 11 02:20:46 localhost kernel: devtmpfs: initialized[m
[3mlines 104-173[23m[K[K [KESCESC[KOO[KBB[KJul 11 02:20:46 localhost kernel: x86/mm: Memory block size: 128MB[m
[3mlines 105-174[23m[K[K [KESCESC[KOO[KBB[KJul 11 02:20:46 localhost kernel: clocksource: jiffies: mask: 0xffffffff max_cycles: 0xffffffff, max_idle_ns: 1911260446275000 ns[m
[3mlines 106-175[23m[K[K [KESCESC[KOO[KBB[KJul 11 02:20:46 localhost kernel: futex hash table entries: 512 (order: 3, 32768 bytes, linear)[m
[3mlines 107-176[23m[K[K [KESCESC[KOO[KBB[KJul 11 02:20:46 localhost kernel: pinctrl core: initialized pinctrl subsystem[m
[3mlines 108-177[23m[K[K [KESCESC[KOO[KBB[KJul 11 02:20:46 localhost kernel: PM: RTC time: 02:20:40, date: 2025-07-11[m
[3mlines 109-178[23m[K[K [KESCESC[KOO[KBB[KJul 11 02:20:46 localhost kernel: NET: Registered PF_NETLINK/PF_ROUTE protocol family[m
[3mlines 110-179[23m[K[K [KESCESC[KOO[KBB[KJul 11 02:20:46 localhost kernel: DMA: preallocated 512 KiB GFP_KERNEL pool for atomic allocations[m
[3mlines 111-180[23m[K[K [KESCESC[KOO[KBB[KJul 11 02:20:46 localhost kernel: DMA: preallocated 512 KiB GFP_KERNEL|GFP_DMA pool for atomic allocations[m
[3mlines 112-181[23m[K[K [KESCESC[KOO[KBB[KJul 11 02:20:46 localhost kernel: DMA: preallocated 512 KiB GFP_KERNEL|GFP_DMA32 pool for atomic allocations[m
[3mlines 113-182[23m[K[K [KESCESC[KOO[KBB[KJul 11 02:20:46 localhost kernel: audit: initializing netlink subsys (disabled)[m
[3mlines 114-183[23m[K[K [KESCESC[KOO[KBB[KJul 11 02:20:46 localhost kernel: [0;1;39m[0;1;31m[0;1;39maudit: type=2000 audit(1752200440.800:1): state=initialized audit_enabled=0 res=1[0m[m
[3mlines 115-184[23m[K[K [KESCESC[KOO[KBB[KJul 11 02:20:46 localhost kernel: thermal_sys: Registered thermal governor 'fair_share'[m
[3mlines 116-185[23m[K[K [KESCESC[KOO[KBB[KJul 11 02:20:46 localhost kernel: thermal_sys: Registered thermal governor 'bang_bang'[m
[3mlines 117-186[23m[K[K [KESCESC[KOO[KBB[KJul 11 02:20:46 localhost kernel: thermal_sys: Registered thermal governor 'step_wise'[m
[3mlines 118-187[23m[K[K [KESCESC[KOO[KBB[KJul 11 02:20:46 localhost kernel: thermal_sys: Registered thermal governor 'user_space'[m
[3mlines 119-188[23m[K[K [KESCESC[KOO[KBB[KJul 11 02:20:46 localhost kernel: thermal_sys: Registered thermal governor 'power_allocator'[m
[3mlines 120-189[23m[K[K [KESCESC[KOO[KBB[KJul 11 02:20:46 localhost kernel: EISA bus registered[m
[3mlines 121-190[23m[K[K [KESCESC[KOO[KBB[KJul 11 02:20:46 localhost kernel: cpuidle: using governor ladder[m
[3mlines 122-191[23m[K[K [KESCESC[KOO[KBB[KJul 11 02:20:46 localhost kernel: cpuidle: using governor menu[m
[3mlines 123-192[23m[K[K [KESCESC[KOO[KBB[KJul 11 02:20:46 localhost kernel: acpiphp: ACPI Hot Plug PCI Controller Driver version: 0.5[m
[3mlines 124-193[23m[K[K [KESCESC[KOO[KBB[KJul 11 02:20:46 localhost kernel: PCI: Using configuration type 1 for base access[m
[3mlines 125-194[23m[K[K [KESCESC[KOO[KBB[KJul 11 02:20:46 localhost kernel: kprobes: kprobe jump-optimization is enabled. All kprobes are optimized if possible.[m
[3mlines 126-195[23m[K[K [KESCESC[KOO[KBB[KJul 11 02:20:46 localhost kernel: HugeTLB: registered 2.00 MiB page size, pre-allocated 0 pages[m
[3mlines 127-196[23m[K[K [KESCESC[KOO[KBB[KJul 11 02:20:46 localhost kernel: HugeTLB: 28 KiB vmemmap can be freed for a 2.00 MiB page[m
[3mlines 128-197[23m[K[K [KESCESC[KOO[KBB[KJul 11 02:20:46 localhost kernel: fbcon: Taking over console[m
[3mlines 129-198[23m[K[K [KESCESC[KOO[KBB[KJul 11 02:20:46 localhost kernel: ACPI: Added _OSI(Module Device)[m
[3mlines 130-199[23m[K[K [KESCESC[KOO[KBB[KJul 11 02:20:46 localhost kernel: ACPI: Added _OSI(Processor Device)[m
[3mlines 131-200[23m[K[K [KESCESC[KOO[KBB[KJul 11 02:20:46 localhost kernel: ACPI: Added _OSI(3.0 _SCP Extensions)[m
[3mlines 132-201[23m[K[K [KESCESC[KOO[KBB[KJul 11 02:20:46 localhost kernel: ACPI: Added _OSI(Processor Aggregator Device)[m
[3mlines 133-202[23m[K[K [KESCESC[KOO[KBB[KJul 11 02:20:46 localhost kernel: ACPI: 2 ACPI AML tables successfully acquired and loaded[m
[3mlines 134-203[23m[K[K [KESCESC[KOO[KBB[KJul 11 02:20:46 localhost kernel: ACPI: _OSC evaluation for CPUs failed, trying _PDC[m
[3mlines 135-204[23m[K[K [KESCESC[KOO[KBB[KJul 11 02:20:46 localhost kernel: ACPI: Interpreter enabled[m
[3mlines 136-205[23m[K[K [KESCESC[KOO[KBB[KJul 11 02:20:46 localhost kernel: ACPI: PM: (supports S0 S5)[m
[3mlines 137-206[23m[K[K [KESCESC[KOO[KBB[KJul 11 02:20:46 localhost kernel: ACPI: Using IOAPIC for interrupt routing[m
[3mlines 138-207[23m[K[K [KESCESC[KOO[KBB[KJul 11 02:20:46 localhost kernel: PCI: Using host bridge windows from ACPI; if necessary, use "pci=nocrs" and report a bug[m
[3mlines 139-208[23m[K[K [KESCESC[KOO[KBB[KJul 11 02:20:46 localhost kernel: PCI: Using E820 reservations for host bridge windows[m
[3mlines 140-209[23m[K[K [KESCESC[KOO[KBB[KJul 11 02:20:46 localhost kernel: ACPI: Enabled 3 GPEs in block 00 to 0F[m
[3mlines 141-210[23m[K[K [KESCESC[KOO[KBB[KJul 11 02:20:46 localhost kernel: ACPI: PCI Root Bridge [PCI0] (domain 0000 [bus 00-ff])[m
[3mlines 142-211[23m[K[K [KESCESC[KOO[KBB[KJul 11 02:20:46 localhost kernel: acpi PNP0A03:00: _OSC: OS supports [ASPM ClockPM Segments MSI EDR HPX-Type3][m
[3mlines 143-212[23m[K[K [KESCESC[KOO[KBB[KJul 11 02:20:46 localhost kernel: acpi PNP0A03:00: _OSC: not requesting OS control; OS requires [ExtendedConfig ASPM ClockPM MSI][m
[3mlines 144-213[23m[K[K [KESCESC[KOO[KBB[KJul 11 02:20:46 localhost kernel: [0;1;38;5;185m[0;1;39m[0;1;38;5;185macpi PNP0A03:00: fail to add MMCONFIG information, can't access extended configuration space under this bridge[0m[m
[3mlines 145-214[23m[K[K [KESCESC[KOO[KBB[KJul 11 02:20:46 localhost kernel: acpiphp: Slot [3] registered[m
[3mlines 146-215[23m[K[K [KESCESC[KOO[KBB[KJul 11 02:20:46 localhost kernel: acpiphp: Slot [8] registered[m
[3mlines 147-216[23m[K[K [KESCESC[KOO[KBB[KJul 11 02:20:46 localhost kernel: acpiphp: Slot [18] registered[m
[3mlines 148-217[23m[K[K [KESCESC[KOO[KBB[KJul 11 02:20:46 localhost kernel: acpiphp: Slot [4] registered[m
[3mlines 149-218[23m[K[K [KESCESC[KOO[KBB[KJul 11 02:20:46 localhost kernel: acpiphp: Slot [6] registered[m
[3mlines 150-219[23m[K[K [KESCESC[KOO[KBB[KJul 11 02:20:46 localhost kernel: acpiphp: Slot [7] registered[m
[3mlines 151-220[23m[K[K [KESCESC[KOO[KBB[KJul 11 02:20:46 localhost kernel: acpiphp: Slot [9] registered[m
[3mlines 152-221[23m[K[K [KESCESC[KOO[KBB[KJul 11 02:20:46 localhost kernel: acpiphp: Slot [10] registered[m
[3mlines 153-222[23m[K[K [KESCESC[KOO[KBB[KJul 11 02:20:46 localhost kernel: acpiphp: Slot [11] registered[m
[3mlines 154-223[23m[K[K [KESCESC[KOO[KBB[KJul 11 02:20:46 localhost kernel: acpiphp: Slot [12] registered[m
[3mlines 155-224[23m[K[K [KESCESC[KOO[KBB[KJul 11 02:20:46 localhost kernel: acpiphp: Slot [13] registered[m
[3mlines 156-225[23m[K[K [KESCESC[KOO[KBB[KJul 11 02:20:46 localhost kernel: acpiphp: Slot [14] registered[m
[3mlines 157-226[23m[K[K [KESCESC[KOO[KBB[KJul 11 02:20:46 localhost kernel: acpiphp: Slot [15] registered[m
[3mlines 158-227[23m[K[K [KESCESC[KOO[KBB[KJul 11 02:20:46 localhost kernel: acpiphp: Slot [16] registered[m
[3mlines 159-228[23m[K[K [KESCESC[KOO[KBB[KJul 11 02:20:46 localhost kernel: acpiphp: Slot [17] registered[m
[3mlines 160-229[23m[K[K [KESCESC[KOO[KBB[KJul 11 02:20:46 localhost kernel: acpiphp: Slot [19] registered[m
[3mlines 161-230[23m[K[K [KESCESC[KOO[KBB[KJul 11 02:20:46 localhost kernel: acpiphp: Slot [20] registered[m
[3mlines 162-231[23m[K[K [KESCESC[KOO[KBB[KJul 11 02:20:46 localhost kernel: acpiphp: Slot [21] registered[m
[3mlines 163-232[23m[K[K [KESCESC[KOO[KBB[KJul 11 02:20:46 localhost kernel: acpiphp: Slot [22] registered[m
[3mlines 164-233[23m[K[K [KESCESC[KOO[KBB[KJul 11 02:20:46 localhost kernel: acpiphp: Slot [23] registered[m
[3mlines 165-234[23m[K[K [KESCESC[KOO[KBB[KJul 11 02:20:46 localhost kernel: acpiphp: Slot [24] registered[m
[3mlines 166-235[23m[K[K [KESCESC[KOO[KBB[KJul 11 02:20:46 localhost kernel: acpiphp: Slot [25] registered[m
[3mlines 167-236[23m[K[K [KESCESC[KOO[KBB[KJul 11 02:20:46 localhost kernel: acpiphp: Slot [26] registered[m
[3mlines 168-237[23m[K[K [KESCESC[KOO[KBB[KJul 11 02:20:46 localhost kernel: acpiphp: Slot [27] registered[m
[3mlines 169-238[23m[K[K [KESCESC[KOO[KBB[KJul 11 02:20:46 localhost kernel: acpiphp: Slot [28] registered[m
[3mlines 170-239[23m[K[K [KESCESC[KOO[KBB[KJul 11 02:20:46 localhost kernel: acpiphp: Slot [29] registered[m
[3mlines 171-240[23m[K[K [KESCESC[KOO[KBB[KJul 11 02:20:46 localhost kernel: PCI host bridge to bus 0000:00[m
[3mlines 172-241[23m[K[K [KESCESC[KOO[KBB[KJul 11 02:20:46 localhost kernel: pci_bus 0000:00: root bus resource [io  0x0000-0x0cf7 window][m
[3mlines 173-242[23m[K[K [KESCESC[KOO[KBB[KJul 11 02:20:46 localhost kernel: pci_bus 0000:00: root bus resource [io  0x0d00-0xffff window][m
[3mlines 174-243[23m[K[K [KESCESC[KOO[KBB[KJul 11 02:20:46 localhost kernel: pci_bus 0000:00: root bus resource [mem 0x000a0000-0x000bffff window][m
[3mlines 175-244[23m[K[K [KESCESC[KOO[KBB[KJul 11 02:20:46 localhost kernel: pci_bus 0000:00: root bus resource [mem 0xc0000000-0xfebfffff window][m
[3mlines 176-245[23m[K[K [KESCESC[KOO[KBB[KJul 11 02:20:46 localhost kernel: pci_bus 0000:00: root bus resource [mem 0xc000000000-0xc0a000bfff window][m
[3mlines 177-246[23m[K[K [KESCESC[KOO[KBB[KJul 11 02:20:46 localhost kernel: pci_bus 0000:00: root bus resource [bus 00-ff][m
[3mlines 178-247[23m[K[K [KESCESC[KOO[KBB[KJul 11 02:20:46 localhost kernel: pci 0000:00:00.0: [8086:1237] type 00 class 0x060000 conventional PCI endpoint[m
[3mlines 179-248[23m[K[K [KESCESC[KOO[KBB[KJul 11 02:20:46 localhost kernel: pci 0000:00:01.0: [8086:7000] type 00 class 0x060100 conventional PCI endpoint[m
[3mlines 180-249[23m[K[K [KESCESC[KOO[KBB[KJul 11 02:20:46 localhost kernel: pci 0000:00:01.1: [8086:7010] type 00 class 0x010180 conventional PCI endpoint[m
[3mlines 181-250[23m[K[K [KESCESC[KOO[KBB[KJul 11 02:20:46 localhost kernel: pci 0000:00:01.1: BAR 4 [io  0xf0c0-0xf0cf][m
[3mlines 182-251[23m[K[K [KESCESC[KOO[KBB[KJul 11 02:20:46 localhost kernel: pci 0000:00:01.1: BAR 0 [io  0x01f0-0x01f7]: legacy IDE quirk[m
[3mlines 183-252[23m[K[K [KESCESC[KOO[KBB[KJul 11 02:20:46 localhost kernel: pci 0000:00:01.1: BAR 1 [io  0x03f6]: legacy IDE quirk[m
[3mlines 184-253[23m[K[K [KESCESC[KOO[KBB[KJul 11 02:20:46 localhost kernel: pci 0000:00:01.1: BAR 2 [io  0x0170-0x0177]: legacy IDE quirk[m
[3mlines 185-254[23m[K[K [KESCESC[KOO[KBB[KJul 11 02:20:46 localhost kernel: pci 0000:00:01.1: BAR 3 [io  0x0376]: legacy IDE quirk[m
[3mlines 186-255[23m[K[K [KESCESC[KOO[KBB[KJul 11 02:20:46 localhost kernel: pci 0000:00:01.2: [8086:7020] type 00 class 0x0c0300 conventional PCI endpoint[m
[3mlines 187-256[23m[K[K [KESCESC[KOO[KBB[KJul 11 02:20:46 localhost kernel: pci 0000:00:01.2: BAR 4 [io  0xf080-0xf09f][m
[3mlines 188-257[23m[K[K [KESCESC[KOO[KBB[KJul 11 02:20:46 localhost kernel: pci 0000:00:01.3: [8086:7113] type 00 class 0x068000 conventional PCI endpoint[m
[3mlines 189-258[23m[K[K [KESCESC[KOO[KBB[KJul 11 02:20:46 localhost kernel: pci 0000:00:01.3: quirk: [io  0x0600-0x063f] claimed by PIIX4 ACPI[m
[3mlines 190-259[23m[K[K [KESCESC[KOO[KBB[KJul 11 02:20:46 localhost kernel: pci 0000:00:01.3: quirk: [io  0x0700-0x070f] claimed by PIIX4 SMB[m
[3mlines 191-260[23m[K[K [KESCESC[KOO[KBB[KJul 11 02:20:46 localhost kernel: pci 0000:00:02.0: [1234:1111] type 00 class 0x030000 conventional PCI endpoint[m
[3mlines 192-261[23m[K[K [KESCESC[KOO[KBB[KJul 11 02:20:46 localhost kernel: pci 0000:00:02.0: BAR 0 [mem 0xfd000000-0xfdffffff pref][m
[3mlines 193-262[23m[K[K [KESCESC[KOO[KBB[KJul 11 02:20:46 localhost kernel: pci 0000:00:02.0: BAR 2 [mem 0xfea50000-0xfea50fff][m
[3mlines 194-263[23m[K[K [KESCESC[KOO[KBB[KJul 11 02:20:46 localhost kernel: pci 0000:00:02.0: ROM [mem 0xfea40000-0xfea4ffff pref][m
[3mlines 195-264[23m[K[K [KESCESC[KOO[KBB[KJul 11 02:20:46 localhost kernel: pci 0000:00:02.0: Video device with shadowed ROM at [mem 0x000c0000-0x000dffff][m
[3mlines 196-265[23m[K[K [KESCESC[KOO[KBB[KJul 11 02:20:46 localhost kernel: pci 0000:00:03.0: [1af4:1002] type 00 class 0x00ff00 conventional PCI endpoint[m
[3mlines 197-266[23m[K[K [KESCESC[KOO[KBB[KJul 11 02:20:46 localhost kernel: pci 0000:00:03.0: BAR 0 [io  0xf000-0xf03f][m
[3mlines 198-267[23m[K[K [KESCESC[KOO[KBB[KJul 11 02:20:46 localhost kernel: pci 0000:00:03.0: BAR 4 [mem 0xc0a0000000-0xc0a0003fff 64bit pref][m
[3mlines 199-268[23m[K[K [KESCESC[KOO[KBB[KJul 11 02:20:46 localhost kernel: pci 0000:00:05.0: [1b36:0001] type 01 class 0x060400 conventional PCI bridge[m
[3mlines 200-269[23m[K[K [KESCESC[KOO[KBB[KJul 11 02:20:46 localhost kernel: pci 0000:00:05.0: BAR 0 [mem 0xc000000000-0xc0000000ff 64bit][m
[3mlines 201-270[23m[K[K [KESCESC[KOO[KBB[KJul 11 02:20:46 localhost kernel: pci 0000:00:05.0: PCI bridge to [bus 01][m
[3mlines 202-271[23m[K[K [KESCESC[KOO[KBB[KJul 11 02:20:46 localhost kernel: pci 0000:00:05.0:   bridge window [io  0xe000-0xefff][m
[3mlines 203-272[23m[K[K [KESCESC[KOO[KBB[KJul 11 02:20:46 localhost kernel: pci 0000:00:05.0:   bridge window [mem 0xfe800000-0xfe9fffff][m
[3mlines 204-273[23m[K[K [KESCESC[KOO[KBB[KJul 11 02:20:46 localhost kernel: pci 0000:00:05.0:   bridge window [mem 0xc080000000-0xc09fffffff 64bit pref][m
[3mlines 205-274[23m[K[K [KESCESC[KOO[KBB[KJul 11 02:20:46 localhost kernel: pci 0000:00:08.0: [1af4:1003] type 00 class 0x078000 conventional PCI endpoint[m
[3mlines 206-275[23m[K[K [KESCESC[KOO[KBB[KJul 11 02:20:46 localhost kernel: pci 0000:00:08.0: BAR 0 [io  0xf040-0xf07f][m
[3mlines 207-276[23m[K[K [KESCESC[KOO[KBB[KJul 11 02:20:46 localhost kernel: pci 0000:00:08.0: BAR 1 [mem 0xfea51000-0xfea51fff][m
[3mlines 208-277[23m[K[K [KESCESC[KOO[KBB[KJul 11 02:20:46 localhost kernel: pci 0000:00:08.0: BAR 4 [mem 0xc0a0004000-0xc0a0007fff 64bit pref][m
[3mlines 209-278[23m[K[K [KESCESC[KOO[KBB[KJul 11 02:20:46 localhost kernel: pci 0000:00:12.0: [1af4:1000] type 00 class 0x020000 conventional PCI endpoint[m
[3mlines 210-279[23m[K[K [KESCESC[KOO[KBB[KJul 11 02:20:46 localhost kernel: pci 0000:00:12.0: BAR 0 [io  0xf0a0-0xf0bf][m
[3mlines 211-280[23m[K[K [KESCESC[KOO[KBB[KJul 11 02:20:46 localhost kernel: pci 0000:00:12.0: BAR 1 [mem 0xfea52000-0xfea52fff][m
[3mlines 212-281[23m[K[K [KESCESC[KOO[KBB[KJul 11 02:20:46 localhost kernel: pci 0000:00:12.0: BAR 4 [mem 0xc0a0008000-0xc0a000bfff 64bit pref][m
[3mlines 213-282[23m[K[K [KESCESC[KOO[KBB[KJul 11 02:20:46 localhost kernel: pci 0000:00:12.0: ROM [mem 0xfea00000-0xfea3ffff pref][m
[3mlines 214-283[23m[K[K [KESCESC[KOO[KBB[KJul 11 02:20:46 localhost kernel: pci 0000:00:1e.0: [1b36:0001] type 01 class 0x060400 conventional PCI bridge[m
[3mlines 215-284[23m[K[K [KESCESC[KOO[KBB[KJul 11 02:20:46 localhost kernel: pci 0000:00:1e.0: BAR 0 [mem 0xc000001000-0xc0000010ff 64bit][m
[3mlines 216-285[23m[K[K [KESCESC[KOO[KBB[KJul 11 02:20:46 localhost kernel: pci 0000:00:1e.0: PCI bridge to [bus 02][m
[3mlines 217-286[23m[K[K [KESCESC[KOO[KBB[KJul 11 02:20:46 localhost kernel: pci 0000:00:1e.0:   bridge window [io  0xd000-0xdfff][m
[3mlines 218-287[23m[K[K [KESCESC[KOO[KBB[KJul 11 02:20:46 localhost kernel: pci 0000:00:1e.0:   bridge window [mem 0xfe600000-0xfe7fffff][m
[3mlines 219-288[23m[K[K [KESCESC[KOO[KBB[KJul 11 02:20:46 localhost kernel: pci 0000:00:1e.0:   bridge window [mem 0xc060000000-0xc07fffffff 64bit pref][m
[3mlines 220-289[23m[K[K [KESCESC[KOO[KBB[KJul 11 02:20:46 localhost kernel: pci 0000:00:1f.0: [1b36:0001] type 01 class 0x060400 conventional PCI bridge[m
[3mlines 221-290[23m[K[K [KESCESC[KOO[KBB[KJul 11 02:20:46 localhost kernel: pci 0000:00:1f.0: BAR 0 [mem 0xc000002000-0xc0000020ff 64bit][m
[3mlines 222-291[23m[K[K [KESCESC[KOO[KBB[KJul 11 02:20:46 localhost kernel: pci 0000:00:1f.0: PCI bridge to [bus 03][m
[3mlines 223-292[23m[K[K [KESCESC[KOO[KBB[KJul 11 02:20:46 localhost kernel: pci 0000:00:1f.0:   bridge window [io  0xc000-0xcfff][m
[3mlines 224-293[23m[K[K [KESCESC[KOO[KBB[KJul 11 02:20:46 localhost kernel: pci 0000:00:1f.0:   bridge window [mem 0xfe400000-0xfe5fffff][m
[3mlines 225-294[23m[K[K [KESCESC[KOO[KBB[KJul 11 02:20:46 localhost kernel: pci 0000:00:1f.0:   bridge window [mem 0xc040000000-0xc05fffffff 64bit pref][m
[3mlines 226-295[23m[K[K [KESCESC[KOO[KBB[KJul 11 02:20:46 localhost kernel: pci_bus 0000:01: extended config space not accessible[m
[3mlines 227-296[23m[K[K [KESCESC[KOO[KBB[KJul 11 02:20:46 localhost kernel: acpiphp: Slot [1-2] registered[m
[3mlines 228-297[23m[K[K [KESCESC[KOO[KBB[KJul 11 02:20:46 localhost kernel: acpiphp: Slot [0] registered[m
[3mlines 229-298[23m[K[K [KESCESC[KOO[KBB[KJul 11 02:20:46 localhost kernel: acpiphp: Slot [2] registered[m
[3mlines 230-299[23m[K[K [KESCESC[KOO[KBB[KJul 11 02:20:46 localhost kernel: acpiphp: Slot [3-2] registered[m
[3mlines 231-300[23m[K[K [KESCESC[KOO[KBB[KJul 11 02:20:46 localhost kernel: acpiphp: Slot [4-2] registered[m
[3mlines 232-301[23m[K[K [KESCESC[KOO[KBB[KJul 11 02:20:46 localhost kernel: acpiphp: Slot [5] registered[m
[3mlines 233-302[23m[K[K [KESCESC[KOO[KBB[KJul 11 02:20:46 localhost kernel: acpiphp: Slot [6-2] registered[m
[3mlines 234-303[23m[K[K [KESCESC[KOO[KBB[KJul 11 02:20:46 localhost kernel: acpiphp: Slot [7-2] registered[m
[3mlines 235-304[23m[K[K [KESCESC[KOO[KBB[KJul 11 02:20:46 localhost kernel: acpiphp: Slot [8-2] registered[m
[3mlines 236-305[23m[K[K [KESCESC[KOO[KBB[KJul 11 02:20:46 localhost kernel: acpiphp: Slot [9-2] registered[m
[3mlines 237-306[23m[K[K [KESCESC[KOO[KBB[KJul 11 02:20:46 localhost kernel: acpiphp: Slot [10-2] registered[m
[3mlines 238-307[23m[K[K [KESCESC[KOO[KBB[KJul 11 02:20:46 localhost kernel: acpiphp: Slot [11-2] registered[m
[3mlines 239-308[23m[K[K [KESCESC[KOO[KBB[KJul 11 02:20:46 localhost kernel: acpiphp: Slot [12-2] registered[m
[3mlines 240-309[23m[K[K [KESCESC[KOO[KBB[KJul 11 02:20:46 localhost kernel: acpiphp: Slot [13-2] registered[m
[3mlines 241-310[23m[K[K [KESCESC[KOO[KBB[KJul 11 02:20:46 localhost kernel: acpiphp: Slot [14-2] registered[m
[3mlines 242-311[23m[K[K [KESCESC[KOO[KBB[KJul 11 02:20:46 localhost kernel: acpiphp: Slot [15-2] registered[m
[3mlines 243-312[23m[K[K [KESCESC[KOO[KBB[KJul 11 02:20:46 localhost kernel: acpiphp: Slot [16-2] registered[m
[3mlines 244-313[23m[K[K [KESCESC[KOO[KBB[KJul 11 02:20:46 localhost kernel: acpiphp: Slot [17-2] registered[m
[3mlines 245-314[23m[K[K [KESCESC[KOO[KBB[KJul 11 02:20:46 localhost kernel: acpiphp: Slot [18-2] registered[m
[3mlines 246-315[23m[K[K [KESCESC[KOO[KBB[KJul 11 02:20:46 localhost kernel: acpiphp: Slot [19-2] registered[m
[3mlines 247-316[23m[K[K [KESCESC[KOO[KBB[KJul 11 02:20:46 localhost kernel: acpiphp: Slot [20-2] registered[m
[3mlines 248-317[23m[K[K [KESCESC[KOO[KBB[KJul 11 02:20:46 localhost kernel: acpiphp: Slot [21-2] registered[m
[3mlines 249-318[23m[K[K [KESCESC[KOO[KBB[KJul 11 02:20:46 localhost kernel: acpiphp: Slot [22-2] registered[m
[3mlines 250-319[23m[K[K [KESCESC[KOO[KBB[KJul 11 02:20:46 localhost kernel: acpiphp: Slot [23-2] registered[m
[3mlines 251-320[23m[K[K [KESCESC[KOO[KBB[KJul 11 02:20:46 localhost kernel: acpiphp: Slot [24-2] registered[m
[3mlines 252-321[23m[K[K [KESCESC[KOO[KBB[KJul 11 02:20:46 localhost kernel: acpiphp: Slot [25-2] registered[m
[3mlines 253-322[23m[K[K [KESCESC[KOO[KBB[KJul 11 02:20:46 localhost kernel: acpiphp: Slot [26-2] registered[m
[3mlines 254-323[23m[K[K [KESCESC[KOO[KBB[KJul 11 02:20:46 localhost kernel: acpiphp: Slot [27-2] registered[m
[3mlines 255-324[23m[K[K [KESCESC[KOO[KBB[KJul 11 02:20:46 localhost kernel: acpiphp: Slot [28-2] registered[m
[3mlines 256-325[23m[K[K [KESCESC[KOO[KBB[KJul 11 02:20:46 localhost kernel: acpiphp: Slot [29-2] registered[m
[3mlines 257-326[23m[K[K [KESCESC[KOO[KBB[KJul 11 02:20:46 localhost kernel: acpiphp: Slot [30] registered[m
[3mlines 258-327[23m[K[K [KESCESC[KOO[KBB[KJul 11 02:20:46 localhost kernel: acpiphp: Slot [31] registered[m
[3mlines 259-328[23m[K[K [KESCESC[KOO[KBB[KJul 11 02:20:46 localhost kernel: pci 0000:01:01.0: [1af4:1004] type 00 class 0x010000 conventional PCI endpoint[m
[3mlines 260-329[23m[K[K [KESCESC[KOO[KBB[KJul 11 02:20:46 localhost kernel: pci 0000:01:01.0: BAR 0 [io  0xe000-0xe03f][m
[3mlines 261-330[23m[K[K [KESCESC[KOO[KBB[KJul 11 02:20:46 localhost kernel: pci 0000:01:01.0: BAR 1 [mem 0xfe800000-0xfe800fff][m
[3mlines 262-331[23m[K[K [KESCESC[KOO[KBB[KJul 11 02:20:46 localhost kernel: pci 0000:01:01.0: BAR 4 [mem 0xc080000000-0xc080003fff 64bit pref][m
[3mlines 263-332[23m[K[K [KESCESC[KOO[KBB[KJul 11 02:20:46 localhost kernel: pci 0000:00:05.0: PCI bridge to [bus 01][m
[3mlines 264-333[23m[K[K [KESCESC[KOO[KBB[KJul 11 02:20:46 localhost kernel: pci_bus 0000:02: extended config space not accessible[m
[3mlines 265-334[23m[K[K [KESCESC[KOO[KBB[KJul 11 02:20:46 localhost kernel: acpiphp: Slot [0-2] registered[m
[3mlines 266-335[23m[K[K [KESCESC[KOO[KBB[KJul 11 02:20:46 localhost kernel: acpiphp: Slot [1-3] registered[m
[3mlines 267-336[23m[K[K [KESCESC[KOO[KBB[KJul 11 02:20:46 localhost kernel: acpiphp: Slot [2-2] registered[m
[3mlines 268-337[23m[K[K [KESCESC[KOO[KBB[KJul 11 02:20:46 localhost kernel: acpiphp: Slot [3-3] registered[m
[3mlines 269-338[23m[K[K [KESCESC[KOO[KBB[KJul 11 02:20:46 localhost kernel: acpiphp: Slot [4-3] registered[m
[3mlines 270-339[23m[K[K [KESCESC[KOO[KBB[KJul 11 02:20:46 localhost kernel: acpiphp: Slot [5-2] registered[m
[3mlines 271-340[23m[K[K [KESCESC[KOO[KBB[KJul 11 02:20:46 localhost kernel: acpiphp: Slot [6-3] registered[m
[3mlines 272-341[23m[K[K [KESCESC[KOO[KBB[KJul 11 02:20:46 localhost kernel: acpiphp: Slot [7-3] registered[m
[3mlines 273-342[23m[K[K [KESCESC[KOO[KBB[KJul 11 02:20:46 localhost kernel: acpiphp: Slot [8-3] registered[m
[3mlines 274-343[23m[K[K [KESCESC[KOO[KBB[KJul 11 02:20:46 localhost kernel: acpiphp: Slot [9-3] registered[m
[3mlines 275-344[23m[K[K [KESCESC[KOO[KBB[KJul 11 02:20:46 localhost kernel: acpiphp: Slot [10-3] registered[m
[3mlines 276-345[23m[K[K [KESCESC[KOO[KBB[KJul 11 02:20:46 localhost kernel: acpiphp: Slot [11-3] registered[m
[3mlines 277-346[23m[K[K [KESCESC[KOO[KBB[KJul 11 02:20:46 localhost kernel: acpiphp: Slot [12-3] registered[m
[3mlines 278-347[23m[K[K [KESCESC[KOO[KBB[KJul 11 02:20:46 localhost kernel: acpiphp: Slot [13-3] registered[m
[3mlines 279-348[23m[K[K [KESCESC[KOO[KBB[KJul 11 02:20:46 localhost kernel: acpiphp: Slot [14-3] registered[m
[3mlines 280-349[23m[K[K [KESCESC[KOO[KBB[KJul 11 02:20:46 localhost kernel: acpiphp: Slot [15-3] registered[m
[3mlines 281-350[23m[K[K [KESCESC[KOO[KBB[KJul 11 02:20:46 localhost kernel: acpiphp: Slot [16-3] registered[m
[3mlines 282-351[23m[K[K [KESCESC[KOO[KBB[KJul 11 02:20:46 localhost kernel: acpiphp: Slot [17-3] registered[m
[3mlines 283-352[23m[K[K [KESCESC[KOO[KBB[KJul 11 02:20:46 localhost kernel: acpiphp: Slot [18-3] registered[m
[3mlines 284-353[23m[K[K [KESCESC[KOO[KBB[KJul 11 02:20:46 localhost kernel: acpiphp: Slot [19-3] registered[m
[3mlines 285-354[23m[K[K [KESCESC[KOO[KBB[KJul 11 02:20:46 localhost kernel: acpiphp: Slot [20-3] registered[m
[3mlines 286-355[23m[K[K [KESCESC[KOO[KBB[KJul 11 02:20:46 localhost kernel: acpiphp: Slot [21-3] registered[m
[3mlines 287-356[23m[K[K [KESCESC[KOO[KBB[KJul 11 02:20:46 localhost kernel: acpiphp: Slot [22-3] registered[m
[3mlines 288-357[23m[K[K [KESCESC[KOO[KBB[KJul 11 02:20:46 localhost kernel: acpiphp: Slot [23-3] registered[m
[3mlines 289-358[23m[K[K [KESCESC[KOO[KBB[KJul 11 02:20:46 localhost kernel: acpiphp: Slot [24-3] registered[m
[3mlines 290-359[23m[K[K [KESCESC[KOO[KBB[KJul 11 02:20:46 localhost kernel: acpiphp: Slot [25-3] registered[m
[3mlines 291-360[23m[K[K [KESCESC[KOO[KBB[KJul 11 02:20:46 localhost kernel: acpiphp: Slot [26-3] registered[m
[3mlines 292-361[23m[K[K [KESCESC[KOO[KBB[KJul 11 02:20:46 localhost kernel: acpiphp: Slot [27-3] registered[m
[3mlines 293-362[23m[K[K [KESCESC[KOO[KBB[KJul 11 02:20:46 localhost kernel: acpiphp: Slot [28-3] registered[m
[3mlines 294-363[23m[K[K [KESCESC[KOO[KBB[KJul 11 02:20:46 localhost kernel: acpiphp: Slot [29-3] registered[m
[3mlines 295-364[23m[K[K [KESCESC[KOO[KBB[KJul 11 02:20:46 localhost kernel: acpiphp: Slot [30-2] registered[m
[3mlines 296-365[23m[K[K [KESCESC[KOO[KBB[KJul 11 02:20:46 localhost kernel: acpiphp: Slot [31-2] registered[m
[3mlines 297-366[23m[K[K [KESCESC[KOO[KBB[KJul 11 02:20:46 localhost kernel: pci 0000:00:1e.0: PCI bridge to [bus 02][m
[3mlines 298-367[23m[K[K [KESCESC[KOO[KBB[KJul 11 02:20:46 localhost kernel: pci_bus 0000:03: extended config space not accessible[m
[3mlines 299-368[23m[K[K [KESCESC[KOO[KBB[KJul 11 02:20:46 localhost kernel: acpiphp: Slot [0-3] registered[m
[3mlines 300-369[23m[K[K [KESCESC[KOO[KBB[KJul 11 02:20:46 localhost kernel: acpiphp: Slot [1-4] registered[m
[3mlines 301-370[23m[K[K [KESCESC[KOO[KBB[KJul 11 02:20:46 localhost kernel: acpiphp: Slot [2-3] registered[m
[3mlines 302-371[23m[K[K [KESCESC[KOO[KBB[KJul 11 02:20:46 localhost kernel: acpiphp: Slot [3-4] registered[m
[3mlines 303-372[23m[K[K [KESCESC[KOO[KBB[KJul 11 02:20:46 localhost kernel: acpiphp: Slot [4-4] registered[m
[3mlines 304-373[23m[K[K [KESCESC[KOO[KBB[KJul 11 02:20:46 localhost kernel: acpiphp: Slot [5-3] registered[m
[3mlines 305-374[23m[K[K [KESCESC[KOO[KBB[KJul 11 02:20:46 localhost kernel: acpiphp: Slot [6-4] registered[m
[3mlines 306-375[23m[K[K [KESCESC[KOO[KBB[KJul 11 02:20:46 localhost kernel: acpiphp: Slot [7-4] registered[m
[3mlines 307-376[23m[K[K [KESCESC[KOO[KBB[KJul 11 02:20:46 localhost kernel: acpiphp: Slot [8-4] registered[m
[3mlines 308-377[23m[K[K [KESCESC[KOO[KBB[KJul 11 02:20:46 localhost kernel: acpiphp: Slot [9-4] registered[m
[3mlines 309-378[23m[K[K [KESCESC[KOO[KBB[KJul 11 02:20:46 localhost kernel: acpiphp: Slot [10-4] registered[m
[3mlines 310-379[23m[K[K [KESCESC[KOO[KBB[KJul 11 02:20:46 localhost kernel: acpiphp: Slot [11-4] registered[m
[3mlines 311-380[23m[K[K [KESCESC[KOO[KBB[KJul 11 02:20:46 localhost kernel: acpiphp: Slot [12-4] registered[m
[3mlines 312-381[23m[K[K [KESCESC[KOO[KBB[KJul 11 02:20:46 localhost kernel: acpiphp: Slot [13-4] registered[m
[3mlines 313-382[23m[K[K [KESCESC[KOO[KBB[KJul 11 02:20:46 localhost kernel: acpiphp: Slot [14-4] registered[m
[3mlines 314-383[23m[K[K [KESCESC[KOO[KBB[KJul 11 02:20:46 localhost kernel: acpiphp: Slot [15-4] registered[m
[3mlines 315-384[23m[K[K [KESCESC[KOO[KBB[KJul 11 02:20:46 localhost kernel: acpiphp: Slot [16-4] registered[m
[3mlines 316-385[23m[K[K [KESCESC[KOO[KBB[KJul 11 02:20:46 localhost kernel: acpiphp: Slot [17-4] registered[m
[3mlines 317-386[23m[K[K [KESCESC[KOO[KBB[KJul 11 02:20:46 localhost kernel: acpiphp: Slot [18-4] registered[m
[3mlines 318-387[23m[K[K [KESCESC[KOO[KBB[KJul 11 02:20:46 localhost kernel: acpiphp: Slot [19-4] registered[m
[3mlines 319-388[23m[K[K [KESCESC[KOO[KBB[KJul 11 02:20:46 localhost kernel: acpiphp: Slot [20-4] registered[m
[3mlines 320-389[23m[K[K [KESCESC[KOO[KBB[KJul 11 02:20:46 localhost kernel: acpiphp: Slot [21-4] registered[m
[3mlines 321-390[23m[K[K [KESCESC[KOO[KBB[KJul 11 02:20:46 localhost kernel: acpiphp: Slot [22-4] registered[m
[3mlines 322-391[23m[K[K [KESCESC[KOO[KBB[KJul 11 02:20:46 localhost kernel: acpiphp: Slot [23-4] registered[m
[3mlines 323-392[23m[K[K [KESCESC[KOO[KBB[KJul 11 02:20:46 localhost kernel: acpiphp: Slot [24-4] registered[m
[3mlines 324-393[23m[K[K [KESCESC[KOO[KBB[KJul 11 02:20:46 localhost kernel: acpiphp: Slot [25-4] registered[m
[3mlines 325-394[23m[K[K [KESCESC[KOO[KBB[KJul 11 02:20:46 localhost kernel: acpiphp: Slot [26-4] registered[m
[3mlines 326-395[23m[K[K [KESCESC[KOO[KBB[KJul 11 02:20:46 localhost kernel: acpiphp: Slot [27-4] registered[m
[3mlines 327-396[23m[K[K [KESCESC[KOO[KBB[KJul 11 02:20:46 localhost kernel: acpiphp: Slot [28-4] registered[m
[3mlines 328-397[23m[K[K [KESCESC[KOO[KBB[KJul 11 02:20:46 localhost kernel: acpiphp: Slot [29-4] registered[m
[3mlines 329-398[23m[K[K [KESCESC[KOO[KBB[KJul 11 02:20:46 localhost kernel: acpiphp: Slot [30-3] registered[m
[3mlines 330-399[23m[K[K [KESCESC[KOO[KBB[KJul 11 02:20:46 localhost kernel: acpiphp: Slot [31-3] registered[m
[3mlines 331-400[23m[K[K [KESCESC[KOO[KBB[KJul 11 02:20:46 localhost kernel: pci 0000:00:1f.0: PCI bridge to [bus 03][m
[3mlines 332-401[23m[K[K [KESCESC[KOO[KBB[KJul 11 02:20:46 localhost kernel: ACPI: PCI: Interrupt link LNKA configured for IRQ 10[m
[3mlines 333-402[23m[K[K [KESCESC[KOO[KBB[KJul 11 02:20:46 localhost kernel: ACPI: PCI: Interrupt link LNKB configured for IRQ 10[m
[3mlines 334-403[23m[K[K [KESCESC[KOO[KBB[KJul 11 02:20:46 localhost kernel: ACPI: PCI: Interrupt link LNKC configured for IRQ 11[m
[3mlines 335-404[23m[K[K [KESCESC[KOO[KBB[KJul 11 02:20:46 localhost kernel: ACPI: PCI: Interrupt link LNKD configured for IRQ 11[m
[3mlines 336-405[23m[K[K [KESCESC[KOO[KBB[KJul 11 02:20:46 localhost kernel: ACPI: PCI: Interrupt link LNKS configured for IRQ 9[m
[3mlines 337-406[23m[K[K [KESCESC[KOO[KBB[KJul 11 02:20:46 localhost kernel: iommu: Default domain type: Translated[m
[3mlines 338-407[23m[K[K [KESCESC[KOO[KBB[KJul 11 02:20:46 localhost kernel: iommu: DMA domain TLB invalidation policy: lazy mode[m
[3mlines 339-408[23m[K[K [KESCESC[KOO[KBB[KJul 11 02:20:46 localhost kernel: [0;1;39m[0;1;31m[0;1;39mSCSI subsystem initialized[0m[m
[3mlines 340-409[23m[K[K [KESCESC[KOO[KBB[KJul 11 02:20:46 localhost kernel: [0;38;5;245m[0;1;31m[0;38;5;245mlibata version 3.00 loaded.[0m[m
[3mlines 341-410[23m[K[K [KESCESC[KOO[KBB[KJul 11 02:20:46 localhost kernel: ACPI: bus type USB registered[m
[3mlines 342-411[23m[K[K [KESCESC[KOO[KBB[KJul 11 02:20:46 localhost kernel: usbcore: registered new interface driver usbfs[m
[3mlines 343-412[23m[K[K [KESCESC[KOO[KBB[KJul 11 02:20:46 localhost kernel: usbcore: registered new interface driver hub[m
[3mlines 344-413[23m[K[K [KESCESC[KOO[KBB[KJul 11 02:20:46 localhost kernel: usbcore: registered new device driver usb[m
[3mlines 345-414[23m[K[K [KESCESC[KOO[KBB[KJul 11 02:20:46 localhost kernel: pps_core: LinuxPPS API ver. 1 registered[m
[3mlines 346-415[23m[K[K [KESCESC[KOO[KBB[KJul 11 02:20:46 localhost kernel: pps_core: Software ver. 5.3.6 - Copyright 2005-2007 Rodolfo Giometti <giometti@linux.it>[m
[3mlines 347-416[23m[K[K [KESCESC[KOO[KBB[KJul 11 02:20:46 localhost kernel: PTP clock support registered[m
[3mlines 348-417[23m[K[K [KESCESC[KOO[KBB[KJul 11 02:20:46 localhost kernel: EDAC MC: Ver: 3.0.0[m
[3mlines 349-418[23m[K[K [KESCESC[KOO[KBB[KJul 11 02:20:46 localhost kernel: NetLabel: Initializing[m
[3mlines 350-419[23m[K[K [KESCESC[KOO[KBB[KJul 11 02:20:46 localhost kernel: NetLabel:  domain hash size = 128[m
[3mlines 351-420[23m[K[K [KESCESC[KOO[KBB[KJul 11 02:20:46 localhost kernel: NetLabel:  protocols = UNLABELED CIPSOv4 CALIPSO[m
[3mlines 352-421[23m[K[K [KESCESC[KOO[KBB[KJul 11 02:20:46 localhost kernel: NetLabel:  unlabeled traffic allowed by default[m
[3mlines 353-422[23m[K[K [KESCESC[KOO[KBB[KJul 11 02:20:46 localhost kernel: mctp: management component transport protocol core[m
[3mlines 354-423[23m[K[K [KESCESC[KOO[KBB[KJul 11 02:20:46 localhost kernel: NET: Registered PF_MCTP protocol family[m
[3mlines 355-424[23m[K[K [KESCESC[KOO[KBB[KJul 11 02:20:46 localhost kernel: PCI: Using ACPI for IRQ routing[m
[3mlines 356-425[23m[K[K [KESCESC[KOO[KBB[KJul 11 02:20:46 localhost kernel: [0;38;5;245m[0;1;31m[0;38;5;245mPCI: pci_cache_line_size set to 64 bytes[0m[m
[3mlines 357-426[23m[K[K [KESCESC[KOO[KBB[KJul 11 02:20:46 localhost kernel: [0;38;5;245m[0;1;31m[0;38;5;245me820: reserve RAM buffer [mem 0x0009fc00-0x0009ffff][0m[m
[3mlines 358-427[23m[K[K [KESCESC[KOO[KBB[KJul 11 02:20:46 localhost kernel: [0;38;5;245m[0;1;31m[0;38;5;245me820: reserve RAM buffer [mem 0xbffda000-0xbfffffff][0m[m
[3mlines 359-428[23m[K[K [KESCESC[KOO[KBB[KJul 11 02:20:46 localhost kernel: pci 0000:00:02.0: vgaarb: setting as boot VGA device[m
[3mlines 360-429[23m[K[K [KESCESC[KOO[KBB[KJul 11 02:20:46 localhost kernel: pci 0000:00:02.0: vgaarb: bridge control possible[m
[3mlines 361-430[23m[K[K [KESCESC[KOO[KBB[KJul 11 02:20:46 localhost kernel: pci 0000:00:02.0: vgaarb: VGA device added: decodes=io+mem,owns=io+mem,locks=none[m
[3mlines 362-431[23m[K[K [KESCESC[KOO[KBB[KJul 11 02:20:46 localhost kernel: vgaarb: loaded[m
[3mlines 363-432[23m[K[K [KESCESC[KOO[KBB[KJul 11 02:20:46 localhost kernel: hpet: 3 channels of 0 reserved for per-cpu timers[m
[3mlines 364-433[23m[K[K [KESCESC[KOO[KBB[KJul 11 02:20:46 localhost kernel: hpet0: at MMIO 0xfed00000, IRQs 2, 8, 0[m
[3mlines 365-434[23m[K[K [KESCESC[KOO[KBB[KJul 11 02:20:46 localhost kernel: hpet0: 3 comparators, 64-bit 100.000000 MHz counter[m
[3mlines 366-435[23m[K[K [KESCESC[KOO[KBB[KJul 11 02:20:46 localhost kernel: clocksource: Switched to clocksource kvm-clock[m
[3mlines 367-436[23m[K[K [KESCESC[KOO[KBB[KJul 11 02:20:46 localhost kernel: [0;1;39m[0;1;31m[0;1;39mVFS: Disk quotas dquot_6.6.0[0m[m
[3mlines 368-437[23m[K[K [KESCESC[KOO[KBB[KJul 11 02:20:46 localhost kernel: VFS: Dquot-cache hash table entries: 512 (order 0, 4096 bytes)[m
[3mlines 369-438[23m[K[K [KESCESC[KOO[KBB[KJul 11 02:20:46 localhost kernel: AppArmor: AppArmor Filesystem Enabled[m
[3mlines 370-439[23m[K[K [KESCESC[KOO[KBB[KJul 11 02:20:46 localhost kernel: pnp: PnP ACPI init[m
[3mlines 371-440[23m[K[K [KESCESC[KOO[KBB[KJul 11 02:20:46 localhost kernel: [0;38;5;245m[0;1;31m[0;38;5;245mpnp 00:02: [dma 2][0m[m
[3mlines 372-441[23m[K[K [KESCESC[KOO[KBB[KJul 11 02:20:46 localhost kernel: pnp: PnP ACPI: found 4 devices[m
[3mlines 373-442[23m[K[K [KESCESC[KOO[KBB[KJul 11 02:20:46 localhost kernel: clocksource: acpi_pm: mask: 0xffffff max_cycles: 0xffffff, max_idle_ns: 2085701024 ns[m
[3mlines 374-443[23m[K[K [KESCESC[KOO[KBB[KJul 11 02:20:46 localhost kernel: NET: Registered PF_INET protocol family[m
[3mlines 375-444[23m[K[K [KESCESC[KOO[KBB[KJul 11 02:20:46 localhost kernel: IP idents hash table entries: 65536 (order: 7, 524288 bytes, linear)[m
[3mlines 376-445[23m[K[K [KESCESC[KOO[KBB[KJul 11 02:20:46 localhost kernel: tcp_listen_portaddr_hash hash table entries: 2048 (order: 3, 32768 bytes, linear)[m
[3mlines 377-446[23m[K[K [KESCESC[KOO[KBB[KJul 11 02:20:46 localhost kernel: Table-perturb hash table entries: 65536 (order: 6, 262144 bytes, linear)[m
[3mlines 378-447[23m[K[K [KESCESC[KOO[KBB[KJul 11 02:20:46 localhost kernel: TCP established hash table entries: 32768 (order: 6, 262144 bytes, linear)[m
[3mlines 379-448[23m[K[K [KESCESC[KOO[KBB[KJul 11 02:20:46 localhost kernel: TCP bind hash table entries: 32768 (order: 8, 1048576 bytes, linear)[m
[3mlines 380-449[23m[K[K [KESCESC[KOO[KBB[KJul 11 02:20:46 localhost kernel: TCP: Hash tables configured (established 32768 bind 32768)[m
[3mlines 381-450[23m[K[K [KESCESC[KOO[KBB[KJul 11 02:20:46 localhost kernel: MPTCP token hash table entries: 4096 (order: 4, 98304 bytes, linear)[m
[3mlines 382-451[23m[K[K [KESCESC[KOO[KBB[KJul 11 02:20:46 localhost kernel: UDP hash table entries: 2048 (order: 4, 65536 bytes, linear)[m
[3mlines 383-452[23m[K[K [KESCESC[KOO[KBB[KJul 11 02:20:46 localhost kernel: UDP-Lite hash table entries: 2048 (order: 4, 65536 bytes, linear)[m
[3mlines 384-453[23m[K[K [KESCESC[KOO[KBB[KJul 11 02:20:46 localhost kernel: NET: Registered PF_UNIX/PF_LOCAL protocol family[m
[3mlines 385-454[23m[K[K [KESCESC[KOO[KBB[KJul 11 02:20:46 localhost kernel: NET: Registered PF_XDP protocol family[m
[3mlines 386-455[23m[K[K [KESCESC[KOO[KBB[KJul 11 02:20:46 localhost kernel: pci 0000:00:05.0: PCI bridge to [bus 01][m
[3mlines 387-456[23m[K[K [KESCESC[KOO[KBB[KJul 11 02:20:46 localhost kernel: pci 0000:00:05.0:   bridge window [io  0xe000-0xefff][m
[3mlines 388-457[23m[K[K [KESCESC[KOO[KBB[KJul 11 02:20:46 localhost kernel: pci 0000:00:05.0:   bridge window [mem 0xfe800000-0xfe9fffff][m
[3mlines 389-458[23m[K[K [KESCESC[KOO[KBB[KJul 11 02:20:46 localhost kernel: pci 0000:00:05.0:   bridge window [mem 0xc080000000-0xc09fffffff 64bit pref][m
[3mlines 390-459[23m[K[K [KESCESC[KOO[KBB[KJul 11 02:20:46 localhost kernel: pci 0000:00:1e.0: PCI bridge to [bus 02][m
[3mlines 391-460[23m[K[K [KESCESC[KOO[KBB[KJul 11 02:20:46 localhost kernel: pci 0000:00:1e.0:   bridge window [io  0xd000-0xdfff][m
[3mlines 392-461[23m[K[K [KESCESC[KOO[KBB[KJul 11 02:20:46 localhost kernel: pci 0000:00:1e.0:   bridge window [mem 0xfe600000-0xfe7fffff][m
[3mlines 393-462[23m[K[K [KESCESC[KOO[KBB[KJul 11 02:20:46 localhost kernel: pci 0000:00:1e.0:   bridge window [mem 0xc060000000-0xc07fffffff 64bit pref][m
[3mlines 394-463[23m[K[K [KESCESC[KOO[KBB[KJul 11 02:20:46 localhost kernel: pci 0000:00:1f.0: PCI bridge to [bus 03][m
[3mlines 395-464[23m[K[K [KESCESC[KOO[KBB[KJul 11 02:20:46 localhost kernel: pci 0000:00:1f.0:   bridge window [io  0xc000-0xcfff][m
[3mlines 396-465[23m[K[K [KESCESC[KOO[KBB[KJul 11 02:20:46 localhost kernel: pci 0000:00:1f.0:   bridge window [mem 0xfe400000-0xfe5fffff][m
[3mlines 397-466[23m[K[K [KESCESC[KOO[KBB[KJul 11 02:20:46 localhost kernel: pci 0000:00:1f.0:   bridge window [mem 0xc040000000-0xc05fffffff 64bit pref][m
[3mlines 398-467[23m[K[K [KESCESC[KOO[KBB[KJul 11 02:20:46 localhost kernel: pci_bus 0000:00: resource 4 [io  0x0000-0x0cf7 window][m
[3mlines 399-468[23m[K[K [KESCESC[KOO[KBB[KJul 11 02:20:46 localhost kernel: pci_bus 0000:00: resource 5 [io  0x0d00-0xffff window][m
[3mlines 400-469[23m[K[K [KESCESC[KOO[KBB[KJul 11 02:20:46 localhost kernel: pci_bus 0000:00: resource 6 [mem 0x000a0000-0x000bffff window][m
[3mlines 401-470[23m[K[K [KESCESC[KOO[KBB[KJul 11 02:20:46 localhost kernel: pci_bus 0000:00: resource 7 [mem 0xc0000000-0xfebfffff window][m
[3mlines 402-471[23m[K[K [KESCESC[KOO[KBB[KJul 11 02:20:46 localhost kernel: pci_bus 0000:00: resource 8 [mem 0xc000000000-0xc0a000bfff window][m
[3mlines 403-472[23m[K[K [KESCESC[KOO[KBB[KJul 11 02:20:46 localhost kernel: pci_bus 0000:01: resource 0 [io  0xe000-0xefff][m
[3mlines 404-473[23m[K[K [KESCESC[KOO[KBB[KJul 11 02:20:46 localhost kernel: pci_bus 0000:01: resource 1 [mem 0xfe800000-0xfe9fffff][m
[3mlines 405-474[23m[K[K [KESCESC[KOO[KBB[KJul 11 02:20:46 localhost kernel: pci_bus 0000:01: resource 2 [mem 0xc080000000-0xc09fffffff 64bit pref][m
[3mlines 406-475[23m[K[K [KESCESC[KOO[KBB[KJul 11 02:20:46 localhost kernel: pci_bus 0000:02: resource 0 [io  0xd000-0xdfff][m
[3mlines 407-476[23m[K[K [KESCESC[KOO[KBB[KJul 11 02:20:46 localhost kernel: pci_bus 0000:02: resource 1 [mem 0xfe600000-0xfe7fffff][m
[3mlines 408-477[23m[K[K [KESCESC[KOO[KBB[KJul 11 02:20:46 localhost kernel: pci_bus 0000:02: resource 2 [mem 0xc060000000-0xc07fffffff 64bit pref][m
[3mlines 409-478[23m[K[K [KESCESC[KOO[KBB[KJul 11 02:20:46 localhost kernel: pci_bus 0000:03: resource 0 [io  0xc000-0xcfff][m
[3mlines 410-479[23m[K[K [KESCESC[KOO[KBB[KJul 11 02:20:46 localhost kernel: pci_bus 0000:03: resource 1 [mem 0xfe400000-0xfe5fffff][m
[3mlines 411-480[23m[K[K [KESCESC[KOO[KBB[KJul 11 02:20:46 localhost kernel: pci_bus 0000:03: resource 2 [mem 0xc040000000-0xc05fffffff 64bit pref][m
[3mlines 412-481[23m[K[K [KESCESC[KOO[KBB[KJul 11 02:20:46 localhost kernel: pci 0000:00:01.0: PIIX3: Enabling Passive Release[m
[3mlines 413-482[23m[K[K [KESCESC[KOO[KBB[KJul 11 02:20:46 localhost kernel: pci 0000:00:00.0: Limiting direct PCI/PCI transfers[m
[3mlines 414-483[23m[K[K [KESCESC[KOO[KBB[KJul 11 02:20:46 localhost kernel: ACPI: \_SB_.LNKD: Enabled at IRQ 11[m
[3mlines 415-484[23m[K[K [KESCESC[KOO[KBB[KJul 11 02:20:46 localhost kernel: PCI: CLS 0 bytes, default 64[m
[3mlines 416-485[23m[K[K [KESCESC[KOO[KBB[KJul 11 02:20:46 localhost kernel: PCI-DMA: Using software bounce buffering for IO (SWIOTLB)[m
[3mlines 417-486[23m[K[K [KESCESC[KOO[KBB[KJul 11 02:20:46 localhost kernel: software IO TLB: mapped [mem 0x00000000bbfda000-0x00000000bffda000] (64MB)[m
[3mlines 418-487[23m[K[K [KESCESC[KOO[KBB[KJul 11 02:20:46 localhost kernel: [0;1;39m[0;1;31m[0;1;39mInitialise system trusted keyrings[0m[m
[3mlines 419-488[23m[K[K [KESCESC[KOO[KBB[KJul 11 02:20:46 localhost kernel: [0;1;39m[0;1;31m[0;1;39mKey type blacklist registered[0m[m
[3mlines 420-489[23m[K[K [KESCESC[KOO[KBB[KJul 11 02:20:46 localhost kernel: workingset: timestamp_bits=36 max_order=20 bucket_order=0[m
[3mlines 421-490[23m[K[K [KESCESC[KOO[KBB[KJul 11 02:20:46 localhost kernel: zbud: loaded[m
[3mlines 422-491[23m[K[K [KESCESC[KOO[KBB[KJul 11 02:20:46 localhost kernel: squashfs: version 4.0 (2009/01/31) Phillip Lougher[m
[3mlines 423-492[23m[K[K [KESCESC[KOO[KBB[KJul 11 02:20:46 localhost kernel: fuse: init (API version 7.39)[m
[3mlines 424-493[23m[K[K [KESCESC[KOO[KBB[KJul 11 02:20:46 localhost kernel: Trying to unpack rootfs image as initramfs...[m
[3mlines 425-494[23m[K[K [KESCESC[KOO[KBB[KJul 11 02:20:46 localhost kernel: [0;1;39m[0;1;31m[0;1;39mintegrity: Platform Keyring initialized[0m[m
[3mlines 426-495[23m[K[K [KESCESC[KOO[KBB[KJul 11 02:20:46 localhost kernel: [0;1;39m[0;1;31m[0;1;39mintegrity: Machine keyring initialized[0m[m
[3mlines 427-496[23m[K[K [KESCESC[KOO[KBB[KJul 11 02:20:46 localhost kernel: [0;1;39m[0;1;31m[0;1;39mKey type asymmetric registered[0m[m
[3mlines 428-497[23m[K[K [KESCESC[KOO[KBB[KJul 11 02:20:46 localhost kernel: [0;1;39m[0;1;31m[0;1;39mAsymmetric key parser 'x509' registered[0m[m
[3mlines 429-498[23m[K[K [KESCESC[KOO[KBB[KJul 11 02:20:46 localhost kernel: Block layer SCSI generic (bsg) driver version 0.4 loaded (major 243)[m
[3mlines 430-499[23m[K[K [KESCESC[KOO[KBB[KJul 11 02:20:46 localhost kernel: io scheduler mq-deadline registered[m
[3mlines 431-500[23m[K[K [KESCESC[KOO[KBB[KJul 11 02:20:46 localhost kernel: shpchp 0000:00:05.0: Requesting control of SHPC hotplug via OSHP (\_SB_.PCI0.S28_)[m
[3mlines 432-501[23m[K[K [KESCESC[KOO[KBB[KJul 11 02:20:46 localhost kernel: shpchp 0000:00:05.0: Requesting control of SHPC hotplug via OSHP (\_SB_.PCI0)[m
[3mlines 433-502[23m[K[K [KESCESC[KOO[KBB[KJul 11 02:20:46 localhost kernel: shpchp 0000:00:05.0: Cannot get control of SHPC hotplug[m
[3mlines 434-503[23m[K[K [KESCESC[KOO[KBB[KJul 11 02:20:46 localhost kernel: shpchp 0000:00:1e.0: Requesting control of SHPC hotplug via OSHP (\_SB_.PCI0.SF0_)[m
[3mlines 435-504[23m[K[K [KESCESC[KOO[KBB[KJul 11 02:20:46 localhost kernel: shpchp 0000:00:1e.0: Requesting control of SHPC hotplug via OSHP (\_SB_.PCI0)[m
[3mlines 436-505[23m[K[K [KESCESC[KOO[KBB[KJul 11 02:20:46 localhost kernel: shpchp 0000:00:1e.0: Cannot get control of SHPC hotplug[m
[3mlines 437-506[23m[K[K [KESCESC[KOO[KBB[KJul 11 02:20:46 localhost kernel: shpchp 0000:00:1f.0: Requesting control of SHPC hotplug via OSHP (\_SB_.PCI0.SF8_)[m
[3mlines 438-507[23m[K[K [KESCESC[KOO[KBB[KJul 11 02:20:46 localhost kernel: shpchp 0000:00:1f.0: Requesting control of SHPC hotplug via OSHP (\_SB_.PCI0)[m
[3mlines 439-508[23m[K[K [KESCESC[KOO[KBB[KJul 11 02:20:46 localhost kernel: shpchp 0000:00:1f.0: Cannot get control of SHPC hotplug[m
[3mlines 440-509[23m[K[K [KESCESC[KOO[KBB[KJul 11 02:20:46 localhost kernel: shpchp: Standard Hot Plug PCI Controller Driver version: 0.4[m
[3mlines 441-510[23m[K[K [KESCESC[KOO[KBB[KJul 11 02:20:46 localhost kernel: input: Power Button as /devices/LNXSYSTM:00/LNXPWRBN:00/input/input0[m
[3mlines 442-511[23m[K[K [KESCESC[KOO[KBB[KJul 11 02:20:46 localhost kernel: ACPI: button: Power Button [PWRF][m
[3mlines 443-512[23m[K[K [KESCESC[KOO[KBB[KJul 11 02:20:46 localhost kernel: ACPI: \_SB_.LNKC: Enabled at IRQ 10[m
[3mlines 444-513[23m[K[K [KESCESC[KOO[KBB[KJul 11 02:20:46 localhost kernel: ACPI: \_SB_.LNKB: Enabled at IRQ 10[m
[3mlines 445-514[23m[K[K [KESCESC[KOO[KBB[KJul 11 02:20:46 localhost kernel: ACPI: \_SB_.LNKA: Enabled at IRQ 11[m
[3mlines 446-515[23m[K[K [KESCESC[KOO[KBB[KJul 11 02:20:46 localhost kernel: Free page reporting enabled[m
[3mlines 447-516[23m[K[K [KESCESC[KOO[KBB[KJul 11 02:20:46 localhost kernel: Serial: 8250/16550 driver, 32 ports, IRQ sharing enabled[m
[3mlines 448-517[23m[K[K [KESCESC[KOO[KBB[KJul 11 02:20:46 localhost kernel: Linux agpgart interface v0.103[m
[3mlines 449-518[23m[K[K [KESCESC[KOO[KBB[KJul 11 02:20:46 localhost kernel: loop: module loaded[m
[3mlines 450-519[23m[K[K [KESCESC[KOO[KBB[KJul 11 02:20:46 localhost kernel: virtio_scsi virtio3: 2/0/0 default/read/poll queues[m
[3mlines 451-520[23m[K[K [KESCESC[KOO[KBB[KJul 11 02:20:46 localhost kernel: scsi host0: Virtio SCSI HBA[m
[3mlines 452-521[23m[K[K [KESCESC[KOO[KBB[KJul 11 02:20:46 localhost kernel: [0;38;5;245m[0;1;31m[0;38;5;245mata_piix 0000:00:01.1: version 2.13[0m[m
[3mlines 453-522[23m[K[K [KESCESC[KOO[KBB[KJul 11 02:20:46 localhost kernel: scsi host1: ata_piix[m
[3mlines 454-523[23m[K[K [KESCESC[KOO[KBB[KJul 11 02:20:46 localhost kernel: scsi host2: ata_piix[m
[3mlines 455-524[23m[K[K [KESCESC[KOO[KBB[KJul 11 02:20:46 localhost kernel: ata1: PATA max MWDMA2 cmd 0x1f0 ctl 0x3f6 bmdma 0xf0c0 irq 14 lpm-pol 0[m
[3mlines 456-525[23m[K[K [KESCESC[KOO[KBB[KJul 11 02:20:46 localhost kernel: ata2: PATA max MWDMA2 cmd 0x170 ctl 0x376 bmdma 0xf0c8 irq 15 lpm-pol 0[m
[3mlines 457-526[23m[K[K [KESCESC[KOO[KBB[KJul 11 02:20:46 localhost kernel: ACPI: bus type drm_connector registered[m
[3mlines 458-527[23m[K[K [KESCESC[KOO[KBB[KJul 11 02:20:46 localhost kernel: tun: Universal TUN/TAP device driver, 1.6[m
[3mlines 459-528[23m[K[K [KESCESC[KOO[KBB[KJul 11 02:20:46 localhost kernel: [0;1;39m[0;1;31m[0;1;39mscsi 0:0:0:0: Direct-Access     QEMU     QEMU HARDDISK    2.5+ PQ: 0 ANSI: 5[0m[m
[3mlines 460-529[23m[K[K [KESCESC[KOO[KBB[KJul 11 02:20:46 localhost kernel: PPP generic driver version 2.4.2[m
[3mlines 461-530[23m[K[K [KESCESC[KOO[KBB[KJul 11 02:20:46 localhost kernel: uhci_hcd 0000:00:01.2: UHCI Host Controller[m
[3mlines 462-531[23m[K[K [KESCESC[KOO[KBB[KJul 11 02:20:46 localhost kernel: uhci_hcd 0000:00:01.2: new USB bus registered, assigned bus number 1[m
[3mlines 463-532[23m[K[K [KESCESC[KOO[KBB[KJul 11 02:20:46 localhost kernel: uhci_hcd 0000:00:01.2: detected 2 ports[m
[3mlines 464-533[23m[K[K [KESCESC[KOO[KBB[KJul 11 02:20:46 localhost kernel: uhci_hcd 0000:00:01.2: irq 11, io port 0x0000f080[m
[3mlines 465-534[23m[K[K [KESCESC[KOO[KBB[KJul 11 02:20:46 localhost kernel: usb usb1: New USB device found, idVendor=1d6b, idProduct=0001, bcdDevice= 6.08[m
[3mlines 466-535[23m[K[K [KESCESC[KOO[KBB[KJul 11 02:20:46 localhost kernel: usb usb1: New USB device strings: Mfr=3, Product=2, SerialNumber=1[m
[3mlines 467-536[23m[K[K [KESCESC[KOO[KBB[KJul 11 02:20:46 localhost kernel: usb usb1: Product: UHCI Host Controller[m
[3mlines 468-537[23m[K[K [KESCESC[KOO[KBB[KJul 11 02:20:46 localhost kernel: usb usb1: Manufacturer: Linux 6.8.0-55-generic uhci_hcd[m
[3mlines 469-538[23m[K[K [KESCESC[KOO[KBB[KJul 11 02:20:46 localhost kernel: usb usb1: SerialNumber: 0000:00:01.2[m
[3mlines 470-539[23m[K[K [KESCESC[KOO[KBB[KJul 11 02:20:46 localhost kernel: hub 1-0:1.0: USB hub found[m
[3mlines 471-540[23m[K[K [KESCESC[KOO[KBB[KJul 11 02:20:46 localhost kernel: hub 1-0:1.0: 2 ports detected[m
[3mlines 472-541[23m[K[K [KESCESC[KOO[KBB[KJul 11 02:20:46 localhost kernel: i8042: PNP: PS/2 Controller [PNP0303:KBD,PNP0f13:MOU] at 0x60,0x64 irq 1,12[m
[3mlines 473-542[23m[K[K [KESCESC[KOO[KBB[KJul 11 02:20:46 localhost kernel: serio: i8042 KBD port at 0x60,0x64 irq 1[m
[3mlines 474-543[23m[K[K [KESCESC[KOO[KBB[KJul 11 02:20:46 localhost kernel: serio: i8042 AUX port at 0x60,0x64 irq 12[m
[3mlines 475-544[23m[K[K [KESCESC[KOO[KBB[KJul 11 02:20:46 localhost kernel: mousedev: PS/2 mouse device common for all mice[m
[3mlines 476-545[23m[K[K [KESCESC[KOO[KBB[KJul 11 02:20:46 localhost kernel: rtc_cmos 00:03: RTC can wake from S4[m
[3mlines 477-546[23m[K[K [KESCESC[KOO[KBB[KJul 11 02:20:46 localhost kernel: rtc_cmos 00:03: registered as rtc0[m
[3mlines 478-547[23m[K[K [KESCESC[KOO[KBB[KJul 11 02:20:46 localhost kernel: rtc_cmos 00:03: setting system clock to 2025-07-11T02:20:40 UTC (1752200440)[m
[3mlines 479-548[23m[K[K [KESCESC[KOO[KBB[KJul 11 02:20:46 localhost kernel: rtc_cmos 00:03: alarms up to one day, y3k, 242 bytes nvram, hpet irqs[m
[3mlines 480-549[23m[K[K [KESCESC[KOO[KBB[KJul 11 02:20:46 localhost kernel: i2c_dev: i2c /dev entries driver[m
[3mlines 481-550[23m[K[K [KESCESC[KOO[KBB[KJul 11 02:20:46 localhost kernel: [0;1;38;5;185m[0;1;39m[0;1;38;5;185mdevice-mapper: core: CONFIG_IMA_DISABLE_HTABLE is disabled. Duplicate IMA measurements will not be recorded in the IMA l[m[3m>[23m
[3mlines 482-551[23m[K[K [KESCESC[KOO[KBB[KJul 11 02:20:46 localhost kernel: device-mapper: uevent: version 1.0.3[m
[3mlines 483-552[23m[K[K [KESCESC[KOO[KBB[KJul 11 02:20:46 localhost kernel: device-mapper: ioctl: 4.48.0-ioctl (2023-03-01) initialised: dm-devel@redhat.com[m
[3mlines 484-553[23m[K[K [KESCESC[KOO[KBB[KJul 11 02:20:46 localhost kernel: platform eisa.0: Probing EISA bus 0[m
[3mlines 485-554[23m[K[K [KESCESC[KOO[KBB[KJul 11 02:20:46 localhost kernel: [0;1;38;5;185m[0;1;39m[0;1;38;5;185mplatform eisa.0: EISA: Cannot allocate resource for mainboard[0m[m
[3mlines 486-555[23m[K[K [KESCESC[KOO[KBB[KJul 11 02:20:46 localhost kernel: [0;1;38;5;185m[0;1;39m[0;1;38;5;185mplatform eisa.0: Cannot allocate resource for EISA slot 1[0m[m
[3mlines 487-556[23m[K[K [KESCESC[KOO[KBB[KJul 11 02:20:46 localhost kernel: [0;1;38;5;185m[0;1;39m[0;1;38;5;185mplatform eisa.0: Cannot allocate resource for EISA slot 2[0m[m
[3mlines 488-557[23m[K[K [KESCESC[KOO[KBB[KJul 11 02:20:46 localhost kernel: [0;1;38;5;185m[0;1;39m[0;1;38;5;185mplatform eisa.0: Cannot allocate resource for EISA slot 3[0m[m
[3mlines 489-558[23m[K[K [KESCESC[KOO[KBB[KJul 11 02:20:46 localhost kernel: [0;1;38;5;185m[0;1;39m[0;1;38;5;185mplatform eisa.0: Cannot allocate resource for EISA slot 4[0m[m
[3mlines 490-559[23m[K[K [KESCESC[KOO[KBB[KJul 11 02:20:46 localhost kernel: [0;1;38;5;185m[0;1;39m[0;1;38;5;185mplatform eisa.0: Cannot allocate resource for EISA slot 5[0m[m
[3mlines 491-560[23m[K[K [KESCESC[KOO[KBB[KJul 11 02:20:46 localhost kernel: [0;1;38;5;185m[0;1;39m[0;1;38;5;185mplatform eisa.0: Cannot allocate resource for EISA slot 6[0m[m
[3mlines 492-561[23m[K[K [KESCESC[KOO[KBB[KJul 11 02:20:46 localhost kernel: [0;1;38;5;185m[0;1;39m[0;1;38;5;185mplatform eisa.0: Cannot allocate resource for EISA slot 7[0m[m
[3mlines 493-562[23m[K[K [KESCESC[KOO[KBB[KJul 11 02:20:46 localhost kernel: [0;1;38;5;185m[0;1;39m[0;1;38;5;185mplatform eisa.0: Cannot allocate resource for EISA slot 8[0m[m
[3mlines 494-563[23m[K[K [KESCESC[KOO[KBB[KJul 11 02:20:46 localhost kernel: platform eisa.0: EISA: Detected 0 cards[m
[3mlines 495-564[23m[K[K [KESCESC[KOO[KBB[KJul 11 02:20:46 localhost kernel: [0;1;38;5;185m[0;1;39m[0;1;38;5;185mamd_pstate: the _CPC object is not present in SBIOS or ACPI disabled[0m[m
[3mlines 496-565[23m[K[K [KESCESC[KOO[KBB[KJul 11 02:20:46 localhost kernel: ledtrig-cpu: registered to indicate activity on CPUs[m
[3mlines 497-566[23m[K[K [KESCESC[KOO[KBB[KJul 11 02:20:46 localhost kernel: [drm] Initialized simpledrm 1.0.0 20200625 for simple-framebuffer.0 on minor 0[m
[3mlines 498-567[23m[K[K [KESCESC[KOO[KBB[KJul 11 02:20:46 localhost kernel: Console: switching to colour frame buffer device 100x37[m
[3mlines 499-568[23m[K[K [KESCESC[KOO[KBB[KJul 11 02:20:46 localhost kernel: input: AT Translated Set 2 keyboard as /devices/platform/i8042/serio0/input/input2[m
[3mlines 500-569[23m[K[K [KESCESC[KOO[KBB[KJul 11 02:20:46 localhost kernel: simple-framebuffer simple-framebuffer.0: [drm] fb0: simpledrmdrmfb frame buffer device[m
[3mlines 501-570[23m[K[K [KESCESC[KOO[KBB[KJul 11 02:20:46 localhost kernel: drop_monitor: Initializing network drop monitor service[m
[3mlines 502-571[23m[K[K [KESCESC[KOO[KBB[KJul 11 02:20:46 localhost kernel: NET: Registered PF_INET6 protocol family[m
[3mlines 503-572[23m[K[K [KESCESC[KOO[KBB[KJul 11 02:20:46 localhost kernel: [0;1;39m[0;1;31m[0;1;39mscsi 0:0:0:0: Attached scsi generic sg0 type 0[0m[m
[3mlines 504-573[23m[K[K [KESCESC[KOO[KBB[KJul 11 02:20:46 localhost kernel: [0;1;38;5;185m[0;1;39m[0;1;38;5;185msd 0:0:0:0: Power-on or device reset occurred[0m[m
[3mlines 505-574[23m[K[K [KESCESC[KOO[KBB[KJul 11 02:20:46 localhost kernel: [0;1;39m[0;1;31m[0;1;39msd 0:0:0:0: [sda] 67108864 512-byte logical blocks: (34.4 GB/32.0 GiB)[0m[m
[3mlines 506-575[23m[K[K [KESCESC[KOO[KBB[KJul 11 02:20:46 localhost kernel: [0;1;39m[0;1;31m[0;1;39msd 0:0:0:0: [sda] Write Protect is off[0m[m
[3mlines 507-576[23m[K[K [KESCESC[KOO[KBB[KJul 11 02:20:46 localhost kernel: [0;38;5;245m[0;1;31m[0;38;5;245msd 0:0:0:0: [sda] Mode Sense: 63 00 00 08[0m[m
[3mlines 508-577[23m[K[K [KESCESC[KOO[KBB[KJul 11 02:20:46 localhost kernel: [0;1;39m[0;1;31m[0;1;39msd 0:0:0:0: [sda] Write cache: enabled, read cache: enabled, doesn't support DPO or FUA[0m[m
[3mlines 509-578[23m[K[K [KESCESC[KOO[KBB[KJul 11 02:20:46 localhost kernel:  sda: sda1 sda2 sda3[m
[3mlines 510-579[23m[K[K [KESCESC[KOO[KBB[KJul 11 02:20:46 localhost kernel: [0;1;39m[0;1;31m[0;1;39msd 0:0:0:0: [sda] Attached SCSI disk[0m[m
[3mlines 511-580[23m[K[K [KESCESC[KOO[KBB[KJul 11 02:20:46 localhost kernel: Freeing initrd memory: 67140K[m
[3mlines 512-581[23m[K[K [KESCESC[KOO[KBB[KJul 11 02:20:46 localhost kernel: ata2: found unknown device (class 0)[m
[3mlines 513-582[23m[K[K [KESCESC[KOO[KBB[KJul 11 02:20:46 localhost kernel: Segment Routing with IPv6[m
[3mlines 514-583[23m[K[K [KESCESC[KOO[KBB[KJul 11 02:20:46 localhost kernel: In-situ OAM (IOAM) with IPv6[m
[3mlines 515-584[23m[K[K [KESCESC[KOO[KBB[KJul 11 02:20:46 localhost kernel: ata2.00: ATAPI: QEMU DVD-ROM, 2.5+, max UDMA/100[m
[3mlines 516-585[23m[K[K [KESCESC[KOO[KBB[KJul 11 02:20:46 localhost kernel: NET: Registered PF_PACKET protocol family[m
[3mlines 517-586[23m[K[K [KESCESC[KOO[KBB[KJul 11 02:20:46 localhost kernel: [0;1;39m[0;1;31m[0;1;39mKey type dns_resolver registered[0m[m
[3mlines 518-587[23m[K[K [KESCESC[KOO[KBB[KJul 11 02:20:46 localhost kernel: IPI shorthand broadcast: enabled[m
[3mlines 519-588[23m[K[K [KESCESC[KOO[KBB[KJul 11 02:20:46 localhost kernel: [0;1;39m[0;1;31m[0;1;39mscsi 2:0:0:0: CD-ROM            QEMU     QEMU DVD-ROM     2.5+ PQ: 0 ANSI: 5[0m[m
[3mlines 520-589[23m[K[K [KESCESC[KOO[KBB[KJul 11 02:20:46 localhost kernel: sched_clock: Marking stable (960015451, 1649632)->(1021195050, -59529967)[m
[3mlines 521-590[23m[K[K [KESCESC[KOO[KBB[KJul 11 02:20:46 localhost kernel: registered taskstats version 1[m
[3mlines 522-591[23m[K[K [KESCESC[KOO[KBB[KJul 11 02:20:46 localhost kernel: [0;1;39m[0;1;31m[0;1;39mLoading compiled-in X.509 certificates[0m[m
[3mlines 523-592[23m[K[K [KESCESC[KOO[KBB[KJul 11 02:20:46 localhost kernel: [0;1;39m[0;1;31m[0;1;39mLoaded X.509 cert 'Build time autogenerated kernel key: e0bedf6fa049a1e09bd65ebab3904f14cdd5bc68'[0m[m
[3mlines 524-593[23m[K[K [KESCESC[KOO[KBB[KJul 11 02:20:46 localhost kernel: [0;1;39m[0;1;31m[0;1;39mLoaded X.509 cert 'Canonical Ltd. Live Patch Signing: 14df34d1a87cf37625abec039ef2bf521249b969'[0m[m
[3mlines 525-594[23m[K[K [KESCESC[KOO[KBB[KJul 11 02:20:46 localhost kernel: [0;1;39m[0;1;31m[0;1;39mLoaded X.509 cert 'Canonical Ltd. Kernel Module Signing: 88f752e560a1e0737e31163a466ad7b70a850c19'[0m[m
[3mlines 526-595[23m[K[K [KESCESC[KOO[KBB[KJul 11 02:20:46 localhost kernel: [0;1;39m[0;1;31m[0;1;39mblacklist: Loading compiled-in revocation X.509 certificates[0m[m
[3mlines 527-596[23m[K[K [KESCESC[KOO[KBB[KJul 11 02:20:46 localhost kernel: usb 1-1: new full-speed USB device number 2 using uhci_hcd[m
[3mlines 528-597[23m[K[K [KESCESC[KOO[KBB[KJul 11 02:20:46 localhost kernel: [0;1;39m[0;1;31m[0;1;39mLoaded X.509 cert 'Canonical Ltd. Secure Boot Signing: 61482aa2830d0ab2ad5af10b7250da9033ddcef0'[0m[m
[3mlines 529-598[23m[K[K [KESCESC[KOO[KBB[KJul 11 02:20:46 localhost kernel: sr 2:0:0:0: [sr0] scsi3-mmc drive: 4x/4x cd/rw xa/form2 tray[m
[3mlines 530-599[23m[K[K [KESCESC[KOO[KBB[KJul 11 02:20:46 localhost kernel: cdrom: Uniform CD-ROM driver Revision: 3.20[m
[3mlines 531-600[23m[K[K [KESCESC[KOO[KBB[KJul 11 02:20:46 localhost kernel: [0;1;39m[0;1;31m[0;1;39mLoaded X.509 cert 'Canonical Ltd. Secure Boot Signing (2017): 242ade75ac4a15e50d50c84b0d45ff3eae707a03'[0m[m
[3mlines 532-601[23m[K[K [KESCESC[KOO[KBB[KJul 11 02:20:46 localhost kernel: [0;1;39m[0;1;31m[0;1;39mLoaded X.509 cert 'Canonical Ltd. Secure Boot Signing (ESM 2018): 365188c1d374d6b07c3c8f240f8ef722433d6a8b'[0m[m
[3mlines 533-602[23m[K[K [KESCESC[KOO[KBB[KJul 11 02:20:46 localhost kernel: [0;1;39m[0;1;31m[0;1;39mLoaded X.509 cert 'Canonical Ltd. Secure Boot Signing (2019): c0746fd6c5da3ae827864651ad66ae47fe24b3e8'[0m[m
[3mlines 534-603[23m[K[K [KESCESC[KOO[KBB[KJul 11 02:20:46 localhost kernel: [0;38;5;245m[0;1;31m[0;38;5;245msr 2:0:0:0: Attached scsi CD-ROM sr0[0m[m
[3mlines 535-604[23m[K[K [KESCESC[KOO[KBB[KJul 11 02:20:46 localhost kernel: [0;1;39m[0;1;31m[0;1;39mLoaded X.509 cert 'Canonical Ltd. Secure Boot Signing (2021 v1): a8d54bbb3825cfb94fa13c9f8a594a195c107b8d'[0m[m
[3mlines 536-605[23m[K[K [KESCESC[KOO[KBB[KJul 11 02:20:46 localhost kernel: [0;1;39m[0;1;31m[0;1;39msr 2:0:0:0: Attached scsi generic sg1 type 5[0m[m
[3mlines 537-606[23m[K[K [KESCESC[KOO[KBB[KJul 11 02:20:46 localhost kernel: [0;1;39m[0;1;31m[0;1;39mLoaded X.509 cert 'Canonical Ltd. Secure Boot Signing (2021 v2): 4cf046892d6fd3c9a5b03f98d845f90851dc6a8c'[0m[m
[3mlines 538-607[23m[K[K [KESCESC[KOO[KBB[KJul 11 02:20:46 localhost kernel: [0;1;39m[0;1;31m[0;1;39mLoaded X.509 cert 'Canonical Ltd. Secure Boot Signing (2021 v3): 100437bb6de6e469b581e61cd66bce3ef4ed53af'[0m[m
[3mlines 539-608[23m[K[K [KESCESC[KOO[KBB[KJul 11 02:20:46 localhost kernel: [0;1;39m[0;1;31m[0;1;39mLoaded X.509 cert 'Canonical Ltd. Secure Boot Signing (Ubuntu Core 2019): c1d57b8f6b743f23ee41f4f7ee292f06eecadfb9'[0m[m
[3mlines 540-609[23m[K[K [KESCESC[KOO[KBB[KJul 11 02:20:46 localhost kernel: [0;1;39m[0;1;31m[0;1;39mKey type .fscrypt registered[0m[m
[3mlines 541-610[23m[K[K [KESCESC[KOO[KBB[KJul 11 02:20:46 localhost kernel: [0;1;39m[0;1;31m[0;1;39mKey type fscrypt-provisioning registered[0m[m
[3mlines 542-611[23m[K[K [KESCESC[KOO[KBB[KJul 11 02:20:46 localhost kernel: cryptd: max_cpu_qlen set to 1000[m
[3mlines 543-612[23m[K[K [KESCESC[KOO[KBB[KJul 11 02:20:46 localhost kernel: SSE version of gcm_enc/dec engaged.[m
[3mlines 544-613[23m[K[K [KESCESC[KOO[KBB[KJul 11 02:20:46 localhost kernel: [0;1;39m[0;1;31m[0;1;39mKey type encrypted registered[0m[m
[3mlines 545-614[23m[K[K [KESCESC[KOO[KBB[KJul 11 02:20:46 localhost kernel: AppArmor: AppArmor sha256 policy hashing enabled[m
[3mlines 546-615[23m[K[K [KESCESC[KOO[KBB[KJul 11 02:20:46 localhost kernel: ima: No TPM chip found, activating TPM-bypass![m
[3mlines 547-616[23m[K[K [KESCESC[KOO[KBB[KJul 11 02:20:46 localhost kernel: [0;1;39m[0;1;31m[0;1;39mLoading compiled-in module X.509 certificates[0m[m
[3mlines 548-617[23m[K[K [KESCESC[KOO[KBB[KJul 11 02:20:46 localhost kernel: [0;1;39m[0;1;31m[0;1;39mLoaded X.509 cert 'Build time autogenerated kernel key: e0bedf6fa049a1e09bd65ebab3904f14cdd5bc68'[0m[m
[3mlines 549-618[23m[K[K [KESCESC[KOO[KBB[KJul 11 02:20:46 localhost kernel: ima: Allocated hash algorithm: sha256[m
[3mlines 550-619[23m[K[K [KESCESC[KOO[KBB[KJul 11 02:20:46 localhost kernel: ima: No architecture policies found[m
[3mlines 551-620[23m[K[K [KESCESC[KOO[KBB[KJul 11 02:20:46 localhost kernel: evm: Initialising EVM extended attributes:[m
[3mlines 552-621[23m[K[K [KESCESC[KOO[KBB[KJul 11 02:20:46 localhost kernel: evm: security.selinux[m
[3mlines 553-622[23m[K[K [KESCESC[KOO[KBB[KJul 11 02:20:46 localhost kernel: evm: security.SMACK64[m
[3mlines 554-623[23m[K[K [KESCESC[KOO[KBB[KJul 11 02:20:46 localhost kernel: evm: security.SMACK64EXEC[m
[3mlines 555-624[23m[K[K [KESCESC[KOO[KBB[KJul 11 02:20:46 localhost kernel: evm: security.SMACK64TRANSMUTE[m
[3mlines 556-625[23m[K[K [KESCESC[KOO[KBB[KJul 11 02:20:46 localhost kernel: evm: security.SMACK64MMAP[m
[3mlines 557-626[23m[K[K [KESCESC[KOO[KBB[KJul 11 02:20:46 localhost kernel: evm: security.apparmor[m
[3mlines 558-627[23m[K[K [KESCESC[KOO[KBB[KJul 11 02:20:46 localhost kernel: evm: security.ima[m
[3mlines 559-628[23m[K[K [KESCESC[KOO[KBB[KJul 11 02:20:46 localhost kernel: evm: security.capability[m
[3mlines 560-629[23m[K[K [KESCESC[KOO[KBB[KJul 11 02:20:46 localhost kernel: evm: HMAC attrs: 0x1[m
[3mlines 561-630[23m[K[K [KESCESC[KOO[KBB[KJul 11 02:20:46 localhost kernel: PM:   Magic number: 1:313:308[m
[3mlines 562-631[23m[K[K [KESCESC[KOO[KBB[KJul 11 02:20:46 localhost kernel: tty tty37: hash matches[m
[3mlines 563-632[23m[K[K [KESCESC[KOO[KBB[KJul 11 02:20:46 localhost kernel: powernow_k8: Power state transitions not supported[m
[3mlines 564-633[23m[K[K [KESCESC[KOO[KBB[KJul 11 02:20:46 localhost kernel: powernow_k8: Power state transitions not supported[m
[3mlines 565-634[23m[K[K [KESCESC[KOO[KBB[KJul 11 02:20:46 localhost kernel: RAS: Correctable Errors collector initialized.[m
[3mlines 566-635[23m[K[K [KESCESC[KOO[KBB[KJul 11 02:20:46 localhost kernel: clk: Disabling unused clocks[m
[3mlines 567-636[23m[K[K [KESCESC[KOO[KBB[KJul 11 02:20:46 localhost kernel: Freeing unused decrypted memory: 2028K[m
[3mlines 568-637[23m[K[K [KESCESC[KOO[KBB[KJul 11 02:20:46 localhost kernel: Freeing unused kernel image (initmem) memory: 4988K[m
[3mlines 569-638[23m[K[K [KESCESC[KOO[KBB[KJul 11 02:20:46 localhost kernel: Write protecting the kernel read-only data: 38912k[m
[3mlines 570-639[23m[K[K [KESCESC[KOO[KBB[KJul 11 02:20:46 localhost kernel: usb 1-1: New USB device found, idVendor=0627, idProduct=0001, bcdDevice= 0.00[m
[3mlines 571-640[23m[K[K [KESCESC[KOO[KBB[KJul 11 02:20:46 localhost kernel: usb 1-1: New USB device strings: Mfr=1, Product=3, SerialNumber=10[m
[3mlines 572-641[23m[K[K [KESCESC[KOO[KBB[KJul 11 02:20:46 localhost kernel: usb 1-1: Product: QEMU USB Tablet[m
[3mlines 573-642[23m[K[K [KESCESC[KOO[KBB[KJul 11 02:20:46 localhost kernel: Freeing unused kernel image (rodata/data gap) memory: 2040K[m
[3mlines 574-643[23m[K[K [KESCESC[KOO[KBB[KJul 11 02:20:46 localhost kernel: usb 1-1: Manufacturer: QEMU[m
[3mlines 575-644[23m[K[K [KESCESC[KOO[KBB[KJul 11 02:20:46 localhost kernel: usb 1-1: SerialNumber: 28754-0000:00:01.2-1[m
[3mlines 576-645[23m[K[K [KESCESC[KOO[KBB[KJul 11 02:20:46 localhost kernel: x86/mm: Checked W+X mappings: passed, no W+X pages found.[m
[3mlines 577-646[23m[K[K [KESCESC[KOO[KBB[KJul 11 02:20:46 localhost kernel: Run /init as init process[m
[3mlines 578-647[23m[K[K [KESCESC[KOO[KBB[KJul 11 02:20:46 localhost kernel: [0;38;5;245m[0;1;31m[0;38;5;245m  with arguments:[0m[m
[3mlines 579-648[23m[K[K [KESCESC[KOO[KBB[KJul 11 02:20:46 localhost kernel: [0;38;5;245m[0;1;31m[0;38;5;245m    /init[0m[m
[3mlines 580-649[23m[K[K [KESCESC[KOO[KBB[KJul 11 02:20:46 localhost kernel: [0;38;5;245m[0;1;31m[0;38;5;245m  with environment:[0m[m
[3mlines 581-650[23m[K[K [KESCESC[KOO[KBB[KJul 11 02:20:46 localhost kernel: [0;38;5;245m[0;1;31m[0;38;5;245m    HOME=/[0m[m
[3mlines 582-651[23m[K[K [KESCESC[KOO[KBB[KJul 11 02:20:46 localhost kernel: [0;38;5;245m[0;1;31m[0;38;5;245m    TERM=linux[0m[m
[3mlines 583-652[23m[K[K [KESCESC[KOO[KBB[KJul 11 02:20:46 localhost kernel: [0;38;5;245m[0;1;31m[0;38;5;245m    BOOT_IMAGE=/vmlinuz-6.8.0-55-generic[0m[m
[3mlines 584-653[23m[K[K [KESCESC[KOO[KBB[KJul 11 02:20:46 localhost kernel: FDC 0 is a S82078B[m
[3mlines 585-654[23m[K[K [KESCESC[KOO[KBB[KJul 11 02:20:46 localhost kernel: virtio_net virtio2 ens18: renamed from eth0[m
[3mlines 586-655[23m[K[K [KESCESC[KOO[KBB[KJul 11 02:20:46 localhost kernel: hid: raw HID events driver (C) Jiri Kosina[m
[3mlines 587-656[23m[K[K [KESCESC[KOO[KBB[KJul 11 02:20:46 localhost kernel: usbcore: registered new interface driver usbhid[m
[3mlines 588-657[23m[K[K [KESCESC[KOO[KBB[KJul 11 02:20:46 localhost kernel: input: VirtualPS/2 VMware VMMouse as /devices/platform/i8042/serio1/input/input5[m
[3mlines 589-658[23m[K[K [KESCESC[KOO[KBB[KJul 11 02:20:46 localhost kernel: usbhid: USB HID core driver[m
[3mlines 590-659[23m[K[K [KESCESC[KOO[KBB[KJul 11 02:20:46 localhost kernel: input: VirtualPS/2 VMware VMMouse as /devices/platform/i8042/serio1/input/input4[m
[3mlines 591-660[23m[K[K [KESCESC[KOO[KBB[KJul 11 02:20:46 localhost kernel: Console: switching to colour dummy device 80x25[m
[3mlines 592-661[23m[K[K [KESCESC[KOO[KBB[KJul 11 02:20:46 localhost kernel: bochs-drm 0000:00:02.0: vgaarb: deactivate vga console[m
[3mlines 593-662[23m[K[K [KESCESC[KOO[KBB[KJul 11 02:20:46 localhost kernel: [drm] Found bochs VGA, ID 0xb0c5.[m
[3mlines 594-663[23m[K[K [KESCESC[KOO[KBB[KJul 11 02:20:46 localhost kernel: [drm] Framebuffer size 16384 kB @ 0xfd000000, mmio @ 0xfea50000.[m
[3mlines 595-664[23m[K[K [KESCESC[KOO[KBB[KJul 11 02:20:46 localhost kernel: [drm] Found EDID data blob.[m
[3mlines 596-665[23m[K[K [KESCESC[KOO[KBB[KJul 11 02:20:46 localhost kernel: [drm] Initialized bochs-drm 1.0.0 20130925 for 0000:00:02.0 on minor 0[m
[3mlines 597-666[23m[K[K [KESCESC[KOO[KBB[KJul 11 02:20:46 localhost kernel: fbcon: bochs-drmdrmfb (fb0) is primary device[m
[3mlines 598-667[23m[K[K [KESCESC[KOO[KBB[KJul 11 02:20:46 localhost kernel: input: QEMU QEMU USB Tablet as /devices/pci0000:00/0000:00:01.2/usb1/1-1/1-1:1.0/0003:0627:0001.0001/input/input6[m
[3mlines 599-668[23m[K[K [KESCESC[KOO[KBB[KJul 11 02:20:46 localhost kernel: hid-generic 0003:0627:0001.0001: input,hidraw0: USB HID v0.01 Mouse [QEMU QEMU USB Tablet] on usb-0000:00:01.2-1/input0[m
[3mlines 600-669[23m[K[K [KESCESC[KOO[KBB[KJul 11 02:20:46 localhost kernel: Console: switching to colour frame buffer device 160x50[m
[3mlines 601-670[23m[K[K [KESCESC[KOO[KBB[KJul 11 02:20:46 localhost kernel: bochs-drm 0000:00:02.0: [drm] fb0: bochs-drmdrmfb frame buffer device[m
[3mlines 602-671[23m[K[K [KESCESC[KOO[KBB[KJul 11 02:20:46 localhost kernel: [0;1;39m[0;1;31m[0;1;39mrandom: crng init done[0m[m
[3mlines 603-672[23m[K[K [KESCESC[KOO[KBB[KJul 11 02:20:46 localhost kernel: raid6: sse2x4   gen() 11891 MB/s[m
[3mlines 604-673[23m[K[K [KESCESC[KOO[KBB[KJul 11 02:20:46 localhost kernel: raid6: sse2x2   gen()  2800 MB/s[m
[3mlines 605-674[23m[K[K [KESCESC[KOO[KBB[KJul 11 02:20:46 localhost kernel: raid6: sse2x1   gen()  1053 MB/s[m
[3mlines 606-675[23m[K[K [KESCESC[KOO[KBB[KJul 11 02:20:46 localhost kernel: raid6: using algorithm sse2x4 gen() 11891 MB/s[m
[3mlines 607-676[23m[K[K [KESCESC[KOO[KBB[KJul 11 02:20:46 localhost kernel: raid6: .... xor() 3522 MB/s, rmw enabled[m
[3mlines 608-677[23m[K[K [KESCESC[KOO[KBB[KJul 11 02:20:46 localhost kernel: raid6: using ssse3x2 recovery algorithm[m
[3mlines 609-678[23m[K[K [KESCESC[KOO[KBB[KJul 11 02:20:46 localhost kernel: xor: measuring software checksum speed[m
[3mlines 610-679[23m[K[K [KESCESC[KOO[KBB[KJul 11 02:20:46 localhost kernel:    prefetch64-sse  : 22281 MB/sec[m
[3mlines 611-680[23m[K[K [KESCESC[KOO[KBB[KJul 11 02:20:46 localhost kernel:    generic_sse     : 13819 MB/sec[m
[3mlines 612-681[23m[K[K [KESCESC[KOO[KBB[KJul 11 02:20:46 localhost kernel: xor: using function: prefetch64-sse (22281 MB/sec)[m
[3mlines 613-682[23m[K[K [KESCESC[KOO[KBB[KJul 11 02:20:46 localhost kernel: async_tx: api initialized (async)[m
[3mlines 614-683[23m[K[K [KESCESC[KOO[KBB[KJul 11 02:20:46 localhost kernel: [0;1;38;5;185m[0;1;39m[0;1;38;5;185mworkqueue: drm_fb_helper_damage_work hogged CPU for >10000us 4 times, consider switching to WQ_UNBOUND[0m[m
[3mlines 615-684[23m[K[K [KESCESC[KOO[KBB[KJul 11 02:20:46 localhost kernel: Btrfs loaded, zoned=yes, fsverity=yes[m
[3mlines 616-685[23m[K[K [KESCESC[KOO[KBB[KJul 11 02:20:46 localhost kernel: [0;1;38;5;185m[0;1;39m[0;1;38;5;185mworkqueue: drm_fb_helper_damage_work hogged CPU for >10000us 8 times, consider switching to WQ_UNBOUND[0m[m
[3mlines 617-686[23m[K[K [KESCESC[KOO[KBB[KJul 11 02:20:46 localhost kernel: EXT4-fs (dm-0): mounted filesystem 78dfc1ab-05ce-40b9-a2f8-2f3e03168145 ro with ordered data mode. Quota mode: none.[m
[3mlines 618-687[23m[K[K [KESCESC[KOO[KBB[KJul 11 02:20:46 localhost systemd[1]: Inserted module 'autofs4'[m
[3mlines 619-688[23m[K[K [KESCESC[KOO[KBB[KJul 11 02:20:46 localhost systemd[1]: systemd 255.4-1ubuntu8.5 running in system mode (+PAM +AUDIT +SELINUX +APPARMOR +IMA +SMACK +SECCOMP +GCRYPT -GNUTLS[m[3m>[23m
[3mlines 620-689[23m[K[K [KESCESC[KOO[KBB[KJul 11 02:20:46 localhost systemd[1]: Detected virtualization kvm.[m
